SQL> select deptno
  2  from emp;

DEPTNO                                                                                                                                                                                                                                                    
------                                                                                                                                                                                                                                                    
    20                                                                                                                                                                                                                                                    
    10                                                                                                                                                                                                                                                    
    30                                                                                                                                                                                                                                                    
    20                                                                                                                                                                                                                                                    
    30                                                                                                                                                                                                                                                    
    30                                                                                                                                                                                                                                                    
    10                                                                                                                                                                                                                                                    
    20                                                                                                                                                                                                                                                    
    10                                                                                                                                                                                                                                                    
    30                                                                                                                                                                                                                                                    

10 rows selected.

SQL> select distinct deptno
  2  from emp;

DEPTNO                                                                                                                                                                                                                                                    
------                                                                                                                                                                                                                                                    
    30                                                                                                                                                                                                                                                    
    20                                                                                                                                                                                                                                                    
    10                                                                                                                                                                                                                                                    

SQL> select *
  2  from emp;

EMPNO ENAME    JOB         MGR HIREDATE       SAL    COMM DEPTNO                                                                                                                                                                                          
----- -------- --------- ----- ---------- ------- ------- ------                                                                                                                                                                                          
 7369 SMITH    CLERK      7902 80/12/17       800             20                                                                                                                                                                                          
 7499 ALLEN    SALESMAN   7698 81/02/20      1600     300     10                                                                                                                                                                                          
 7521 WARD     SALESMAN   7698 81/02/22      1259     500     30                                                                                                                                                                                          
 7566 JONES    MANAGER    7839 81/04/02      2975             20                                                                                                                                                                                          
 7654 MARTIN   MANAGER    7698 81/09/28      1250    1400     30                                                                                                                                                                                          
 7698 BLAKE    MANAGER    7839 81/05/01      2850             30                                                                                                                                                                                          
 7782 CLARK    MANAGER    7839 81/06/09      2450             10                                                                                                                                                                                          
 7788 SCOTT    ANALYST    7566 87/04/19      3000             20                                                                                                                                                                                          
 7839 KING     PRESIDENT       81/11/17      5000             10                                                                                                                                                                                          
 7844 TUENER   SALESMAN   7698 81/09/08      1599       0     30                                                                                                                                                                                          

10 rows selected.

SQL> select job
  2  from emp;

JOB                                                                                                                                                                                                                                                       
---------                                                                                                                                                                                                                                                 
CLERK                                                                                                                                                                                                                                                     
SALESMAN                                                                                                                                                                                                                                                  
SALESMAN                                                                                                                                                                                                                                                  
MANAGER                                                                                                                                                                                                                                                   
MANAGER                                                                                                                                                                                                                                                   
MANAGER                                                                                                                                                                                                                                                   
MANAGER                                                                                                                                                                                                                                                   
ANALYST                                                                                                                                                                                                                                                   
PRESIDENT                                                                                                                                                                                                                                                 
SALESMAN                                                                                                                                                                                                                                                  

10 rows selected.

SQL> select distinct job
  2  from emp;

JOB                                                                                                                                                                                                                                                       
---------                                                                                                                                                                                                                                                 
CLERK                                                                                                                                                                                                                                                     
SALESMAN                                                                                                                                                                                                                                                  
PRESIDENT                                                                                                                                                                                                                                                 
MANAGER                                                                                                                                                                                                                                                   
ANALYST                                                                                                                                                                                                                                                   

SQL> select distinct job,deptno
  2  from emp;

JOB       DEPTNO                                                                                                                                                                                                                                          
--------- ------                                                                                                                                                                                                                                          
MANAGER       20                                                                                                                                                                                                                                          
PRESIDENT     10                                                                                                                                                                                                                                          
SALESMAN      30                                                                                                                                                                                                                                          
SALESMAN      10                                                                                                                                                                                                                                          
ANALYST       20                                                                                                                                                                                                                                          
MANAGER       30                                                                                                                                                                                                                                          
MANAGER       10                                                                                                                                                                                                                                          
CLERK         20                                                                                                                                                                                                                                          

8 rows selected.

SQL> select job,deptno
  2  from emp;

JOB       DEPTNO                                                                                                                                                                                                                                          
--------- ------                                                                                                                                                                                                                                          
CLERK         20                                                                                                                                                                                                                                          
SALESMAN      10                                                                                                                                                                                                                                          
SALESMAN      30                                                                                                                                                                                                                                          
MANAGER       20                                                                                                                                                                                                                                          
MANAGER       30                                                                                                                                                                                                                                          
MANAGER       30                                                                                                                                                                                                                                          
MANAGER       10                                                                                                                                                                                                                                          
ANALYST       20                                                                                                                                                                                                                                          
PRESIDENT     10                                                                                                                                                                                                                                          
SALESMAN      30                                                                                                                                                                                                                                          

10 rows selected.

SQL> 
SQL> desc salgrade
 Name                                                                                                                                            Null?    Type
 ----------------------------------------------------------------------------------------------------------------------------------------------- -------- ------------------------------------------------------------------------------------------------
 GRADE                                                                                                                                                    NUMBER
 LOSAL                                                                                                                                                    NUMBER
 HISAL                                                                                                                                                    NUMBER

SQL> insert into salgrade values
  2  (1, 700, 1200);

1 row created.

SQL> insert into salgrade values
  2  (2, 1201, 1400);

1 row created.

SQL> insert into salgrade values
  2  (3, 1401, 2000);

1 row created.

SQL> insert into salgrade values
  2  (4, 2001, 3000);

1 row created.

SQL> select salgrade
  2  ;

*
ERROR at line 2:
ORA-00923: FROM keyword not found where expected 


SQL> select *
  2  from salgrade;

     GRADE      LOSAL      HISAL                                                                                                                                                                                                                          
---------- ---------- ----------                                                                                                                                                                                                                          
         1        700       1200                                                                                                                                                                                                                          
         2       1201       1400                                                                                                                                                                                                                          
         3       1401       2000                                                                                                                                                                                                                          
         4       2001       3000                                                                                                                                                                                                                          

SQL> delete from emp;

10 rows deleted.

SQL> select *
  2  from emp;

no rows selected

SQL> desc emp;
 Name                                                                                                                                            Null?    Type
 ----------------------------------------------------------------------------------------------------------------------------------------------- -------- ------------------------------------------------------------------------------------------------
 EMPNO                                                                                                                                           NOT NULL NUMBER(4)
 ENAME                                                                                                                                                    VARCHAR2(10)
 JOB                                                                                                                                                      VARCHAR2(9)
 MGR                                                                                                                                                      NUMBER(4)
 HIREDATE                                                                                                                                                 DATE
 SAL                                                                                                                                                      NUMBER(7,2)
 COMM                                                                                                                                                     NUMBER(7,2)
 DEPTNO                                                                                                                                                   NUMBER(2)

SQL> insert into emp values
  2  (7369, 'SMITH', 'CLERK',     7902,  '1980/12/17',  800, null, 20);

1 row created.

SQL> insert into emp values
  2  (7499, 'ALLEN',  'SALESMAN', 7698,  '1981-2-20',  1600, 300,  10);

1 row created.

SQL> insert into emp values
  2  (7521, 'WARD',   'SALESMAN', 7698,  '1981-2-22',  1259, 500,  30);

1 row created.

SQL> insert into emp values
  2  (7566, 'JONES',  'MANAGER',  7839,  '1981-4-02',  2975, null, 20);

1 row created.

SQL> insert into emp values
  2  (7654, 'MARTIN', 'SALESMAN', 7698,  '1981-9-28',  1250, 1400, 30);

1 row created.

SQL> insert into emp values
  2  (7698, 'BLAKE',  'MANAGER',  7839,  '1981-05-01',  2850, null, 30);

1 row created.

SQL> insert into emp values
  2  (7782, 'CLARK',  'MANAGER',  7839,  '1981-06-09',  2450, null, 10);

1 row created.

SQL> insert into emp values
  2  (7788, 'SCOTT',  'ANALYST',  7566,  '1987-04-19',  3000, null, 20);

1 row created.

SQL> insert into emp values
  2  (7839, 'KING',   'PRESIDENT', null, '1981-11-17',  5000, null, 10);

1 row created.

SQL> insert into emp values
  2  (7844, 'TURNER', 'SALESMAN',  7698, '1981-09-08', 1500,   0 , 30);

1 row created.

SQL> insert into emp values
  2  (7876, 'ADAMS',  'CLERK',     7788, '1987-05-23', 1100, null, 20);

1 row created.

SQL> insert into emp values
  2  (7900, 'JAMES',  'CLERK',     7698, '1981-12-03',  950, null, 30);

1 row created.

SQL> insert into emp values
  2  (7902, 'FORD',   'ANALYST',   7566, '1981-12-03',  3000, null, 20);

1 row created.

SQL> insert into emp values
  2  (7934, 'MILLER', 'CLERK',     7782, '1982-01-23',  1300, null, 10);

1 row created.

SQL> select *
  2  from emp;

EMPNO ENAME    JOB         MGR HIREDATE       SAL    COMM DEPTNO                                                                                                                                                                                          
----- -------- --------- ----- ---------- ------- ------- ------                                                                                                                                                                                          
 7369 SMITH    CLERK      7902 80/12/17       800             20                                                                                                                                                                                          
 7499 ALLEN    SALESMAN   7698 81/02/20      1600     300     10                                                                                                                                                                                          
 7521 WARD     SALESMAN   7698 81/02/22      1259     500     30                                                                                                                                                                                          
 7566 JONES    MANAGER    7839 81/04/02      2975             20                                                                                                                                                                                          
 7654 MARTIN   SALESMAN   7698 81/09/28      1250    1400     30                                                                                                                                                                                          
 7698 BLAKE    MANAGER    7839 81/05/01      2850             30                                                                                                                                                                                          
 7782 CLARK    MANAGER    7839 81/06/09      2450             10                                                                                                                                                                                          
 7788 SCOTT    ANALYST    7566 87/04/19      3000             20                                                                                                                                                                                          
 7839 KING     PRESIDENT       81/11/17      5000             10                                                                                                                                                                                          
 7844 TURNER   SALESMAN   7698 81/09/08      1500       0     30                                                                                                                                                                                          
 7876 ADAMS    CLERK      7788 87/05/23      1100             20                                                                                                                                                                                          
 7900 JAMES    CLERK      7698 81/12/03       950             30                                                                                                                                                                                          
 7902 FORD     ANALYST    7566 81/12/03      3000             20                                                                                                                                                                                          
 7934 MILLER   CLERK      7782 82/01/23      1300             10                                                                                                                                                                                          

14 rows selected.

SQL> select * from salgrade;

     GRADE      LOSAL      HISAL                                                                                                                                                                                                                          
---------- ---------- ----------                                                                                                                                                                                                                          
         1        700       1200                                                                                                                                                                                                                          
         2       1201       1400                                                                                                                                                                                                                          
         3       1401       2000                                                                                                                                                                                                                          
         4       2001       3000                                                                                                                                                                                                                          

SQL> select ALL job,deptno
  2  from emp;

JOB       DEPTNO                                                                                                                                                                                                                                          
--------- ------                                                                                                                                                                                                                                          
CLERK         20                                                                                                                                                                                                                                          
SALESMAN      10                                                                                                                                                                                                                                          
SALESMAN      30                                                                                                                                                                                                                                          
MANAGER       20                                                                                                                                                                                                                                          
SALESMAN      30                                                                                                                                                                                                                                          
MANAGER       30                                                                                                                                                                                                                                          
MANAGER       10                                                                                                                                                                                                                                          
ANALYST       20                                                                                                                                                                                                                                          
PRESIDENT     10                                                                                                                                                                                                                                          
SALESMAN      30                                                                                                                                                                                                                                          
CLERK         20                                                                                                                                                                                                                                          
CLERK         30                                                                                                                                                                                                                                          
ANALYST       20                                                                                                                                                                                                                                          
CLERK         10                                                                                                                                                                                                                                          

14 rows selected.

SQL> select job,deptno
  2  from emp;

JOB       DEPTNO                                                                                                                                                                                                                                          
--------- ------                                                                                                                                                                                                                                          
CLERK         20                                                                                                                                                                                                                                          
SALESMAN      10                                                                                                                                                                                                                                          
SALESMAN      30                                                                                                                                                                                                                                          
MANAGER       20                                                                                                                                                                                                                                          
SALESMAN      30                                                                                                                                                                                                                                          
MANAGER       30                                                                                                                                                                                                                                          
MANAGER       10                                                                                                                                                                                                                                          
ANALYST       20                                                                                                                                                                                                                                          
PRESIDENT     10                                                                                                                                                                                                                                          
SALESMAN      30                                                                                                                                                                                                                                          
CLERK         20                                                                                                                                                                                                                                          
CLERK         30                                                                                                                                                                                                                                          
ANALYST       20                                                                                                                                                                                                                                          
CLERK         10                                                                                                                                                                                                                                          

14 rows selected.

SQL> commit;

Commit complete.

SQL> select ename, sal, sal*12+comm
  2  from emp;

ENAME        SAL SAL*12+COMM                                                                                                                                                                                                                              
-------- ------- -----------                                                                                                                                                                                                                              
SMITH        800                                                                                                                                                                                                                                          
ALLEN       1600       19500                                                                                                                                                                                                                              
WARD        1259       15608                                                                                                                                                                                                                              
JONES       2975                                                                                                                                                                                                                                          
MARTIN      1250       16400                                                                                                                                                                                                                              
BLAKE       2850                                                                                                                                                                                                                                          
CLARK       2450                                                                                                                                                                                                                                          
SCOTT       3000                                                                                                                                                                                                                                          
KING        5000                                                                                                                                                                                                                                          
TURNER      1500       18000                                                                                                                                                                                                                              
ADAMS       1100                                                                                                                                                                                                                                          
JAMES        950                                                                                                                                                                                                                                          
FORD        3000                                                                                                                                                                                                                                          
MILLER      1300                                                                                                                                                                                                                                          

14 rows selected.

SQL> select ename, sal, sal*12+comm annsal
  2  from emp;

ENAME        SAL     ANNSAL                                                                                                                                                                                                                               
-------- ------- ----------                                                                                                                                                                                                                               
SMITH        800                                                                                                                                                                                                                                          
ALLEN       1600      19500                                                                                                                                                                                                                               
WARD        1259      15608                                                                                                                                                                                                                               
JONES       2975                                                                                                                                                                                                                                          
MARTIN      1250      16400                                                                                                                                                                                                                               
BLAKE       2850                                                                                                                                                                                                                                          
CLARK       2450                                                                                                                                                                                                                                          
SCOTT       3000                                                                                                                                                                                                                                          
KING        5000                                                                                                                                                                                                                                          
TURNER      1500      18000                                                                                                                                                                                                                               
ADAMS       1100                                                                                                                                                                                                                                          
JAMES        950                                                                                                                                                                                                                                          
FORD        3000                                                                                                                                                                                                                                          
MILLER      1300                                                                                                                                                                                                                                          

14 rows selected.

SQL> select *
  2  from emp
  3  order by sal;

EMPNO ENAME    JOB         MGR HIREDATE       SAL    COMM DEPTNO                                                                                                                                                                                          
----- -------- --------- ----- ---------- ------- ------- ------                                                                                                                                                                                          
 7369 SMITH    CLERK      7902 80/12/17       800             20                                                                                                                                                                                          
 7900 JAMES    CLERK      7698 81/12/03       950             30                                                                                                                                                                                          
 7876 ADAMS    CLERK      7788 87/05/23      1100             20                                                                                                                                                                                          
 7654 MARTIN   SALESMAN   7698 81/09/28      1250    1400     30                                                                                                                                                                                          
 7521 WARD     SALESMAN   7698 81/02/22      1259     500     30                                                                                                                                                                                          
 7934 MILLER   CLERK      7782 82/01/23      1300             10                                                                                                                                                                                          
 7844 TURNER   SALESMAN   7698 81/09/08      1500       0     30                                                                                                                                                                                          
 7499 ALLEN    SALESMAN   7698 81/02/20      1600     300     10                                                                                                                                                                                          
 7782 CLARK    MANAGER    7839 81/06/09      2450             10                                                                                                                                                                                          
 7698 BLAKE    MANAGER    7839 81/05/01      2850             30                                                                                                                                                                                          
 7566 JONES    MANAGER    7839 81/04/02      2975             20                                                                                                                                                                                          
 7788 SCOTT    ANALYST    7566 87/04/19      3000             20                                                                                                                                                                                          
 7902 FORD     ANALYST    7566 81/12/03      3000             20                                                                                                                                                                                          
 7839 KING     PRESIDENT       81/11/17      5000             10                                                                                                                                                                                          

14 rows selected.

SQL> select*
  2  from emp
  3  order by sal desc;

EMPNO ENAME    JOB         MGR HIREDATE       SAL    COMM DEPTNO                                                                                                                                                                                          
----- -------- --------- ----- ---------- ------- ------- ------                                                                                                                                                                                          
 7839 KING     PRESIDENT       81/11/17      5000             10                                                                                                                                                                                          
 7902 FORD     ANALYST    7566 81/12/03      3000             20                                                                                                                                                                                          
 7788 SCOTT    ANALYST    7566 87/04/19      3000             20                                                                                                                                                                                          
 7566 JONES    MANAGER    7839 81/04/02      2975             20                                                                                                                                                                                          
 7698 BLAKE    MANAGER    7839 81/05/01      2850             30                                                                                                                                                                                          
 7782 CLARK    MANAGER    7839 81/06/09      2450             10                                                                                                                                                                                          
 7499 ALLEN    SALESMAN   7698 81/02/20      1600     300     10                                                                                                                                                                                          
 7844 TURNER   SALESMAN   7698 81/09/08      1500       0     30                                                                                                                                                                                          
 7934 MILLER   CLERK      7782 82/01/23      1300             10                                                                                                                                                                                          
 7521 WARD     SALESMAN   7698 81/02/22      1259     500     30                                                                                                                                                                                          
 7654 MARTIN   SALESMAN   7698 81/09/28      1250    1400     30                                                                                                                                                                                          
 7876 ADAMS    CLERK      7788 87/05/23      1100             20                                                                                                                                                                                          
 7900 JAMES    CLERK      7698 81/12/03       950             30                                                                                                                                                                                          
 7369 SMITH    CLERK      7902 80/12/17       800             20                                                                                                                                                                                          

14 rows selected.

SQL> 
SQL> select*
  2  from emp
  3  order by dept asc, sal desc;
order by dept asc, sal desc
         *
ERROR at line 3:
ORA-00904: "DEPT": invalid identifier 


SQL> select *
  2  from emp
  3  order by dept asc, sal desc;
order by dept asc, sal desc
         *
ERROR at line 3:
ORA-00904: "DEPT": invalid identifier 


SQL> select *
  2  from emp
  3  order by deptno asc, sal desc;

EMPNO ENAME    JOB         MGR HIREDATE       SAL    COMM DEPTNO                                                                                                                                                                                          
----- -------- --------- ----- ---------- ------- ------- ------                                                                                                                                                                                          
 7839 KING     PRESIDENT       81/11/17      5000             10                                                                                                                                                                                          
 7782 CLARK    MANAGER    7839 81/06/09      2450             10                                                                                                                                                                                          
 7499 ALLEN    SALESMAN   7698 81/02/20      1600     300     10                                                                                                                                                                                          
 7934 MILLER   CLERK      7782 82/01/23      1300             10                                                                                                                                                                                          
 7788 SCOTT    ANALYST    7566 87/04/19      3000             20                                                                                                                                                                                          
 7902 FORD     ANALYST    7566 81/12/03      3000             20                                                                                                                                                                                          
 7566 JONES    MANAGER    7839 81/04/02      2975             20                                                                                                                                                                                          
 7876 ADAMS    CLERK      7788 87/05/23      1100             20                                                                                                                                                                                          
 7369 SMITH    CLERK      7902 80/12/17       800             20                                                                                                                                                                                          
 7698 BLAKE    MANAGER    7839 81/05/01      2850             30                                                                                                                                                                                          
 7844 TURNER   SALESMAN   7698 81/09/08      1500       0     30                                                                                                                                                                                          
 7521 WARD     SALESMAN   7698 81/02/22      1259     500     30                                                                                                                                                                                          
 7654 MARTIN   SALESMAN   7698 81/09/28      1250    1400     30                                                                                                                                                                                          
 7900 JAMES    CLERK      7698 81/12/03       950             30                                                                                                                                                                                          

14 rows selected.

SQL> select ename from emp;

ENAME                                                                                                                                                                                                                                                     
--------                                                                                                                                                                                                                                                  
SMITH                                                                                                                                                                                                                                                     
ALLEN                                                                                                                                                                                                                                                     
WARD                                                                                                                                                                                                                                                      
JONES                                                                                                                                                                                                                                                     
MARTIN                                                                                                                                                                                                                                                    
BLAKE                                                                                                                                                                                                                                                     
CLARK                                                                                                                                                                                                                                                     
SCOTT                                                                                                                                                                                                                                                     
KING                                                                                                                                                                                                                                                      
TURNER                                                                                                                                                                                                                                                    
ADAMS                                                                                                                                                                                                                                                     
JAMES                                                                                                                                                                                                                                                     
FORD                                                                                                                                                                                                                                                      
MILLER                                                                                                                                                                                                                                                    

14 rows selected.

SQL> select *
  2  from emp;

EMPNO ENAME    JOB         MGR HIREDATE       SAL    COMM DEPTNO                                                                                                                                                                                          
----- -------- --------- ----- ---------- ------- ------- ------                                                                                                                                                                                          
 7369 SMITH    CLERK      7902 80/12/17       800             20                                                                                                                                                                                          
 7499 ALLEN    SALESMAN   7698 81/02/20      1600     300     10                                                                                                                                                                                          
 7521 WARD     SALESMAN   7698 81/02/22      1259     500     30                                                                                                                                                                                          
 7566 JONES    MANAGER    7839 81/04/02      2975             20                                                                                                                                                                                          
 7654 MARTIN   SALESMAN   7698 81/09/28      1250    1400     30                                                                                                                                                                                          
 7698 BLAKE    MANAGER    7839 81/05/01      2850             30                                                                                                                                                                                          
 7782 CLARK    MANAGER    7839 81/06/09      2450             10                                                                                                                                                                                          
 7788 SCOTT    ANALYST    7566 87/04/19      3000             20                                                                                                                                                                                          
 7839 KING     PRESIDENT       81/11/17      5000             10                                                                                                                                                                                          
 7844 TURNER   SALESMAN   7698 81/09/08      1500       0     30                                                                                                                                                                                          
 7876 ADAMS    CLERK      7788 87/05/23      1100             20                                                                                                                                                                                          
 7900 JAMES    CLERK      7698 81/12/03       950             30                                                                                                                                                                                          
 7902 FORD     ANALYST    7566 81/12/03      3000             20                                                                                                                                                                                          
 7934 MILLER   CLERK      7782 82/01/23      1300             10                                                                                                                                                                                          

14 rows selected.

SQL> select *
  2  from emp
  3  where deptno = 30;

EMPNO ENAME    JOB         MGR HIREDATE       SAL    COMM DEPTNO                                                                                                                                                                                          
----- -------- --------- ----- ---------- ------- ------- ------                                                                                                                                                                                          
 7521 WARD     SALESMAN   7698 81/02/22      1259     500     30                                                                                                                                                                                          
 7654 MARTIN   SALESMAN   7698 81/09/28      1250    1400     30                                                                                                                                                                                          
 7698 BLAKE    MANAGER    7839 81/05/01      2850             30                                                                                                                                                                                          
 7844 TURNER   SALESMAN   7698 81/09/08      1500       0     30                                                                                                                                                                                          
 7900 JAMES    CLERK      7698 81/12/03       950             30                                                                                                                                                                                          

SQL> select deptno
  2  from emp
  3  where 30;
where 30
       *
ERROR at line 3:
ORA-00920: invalid relational operator 


SQL> select deptno
  2  from emp
  3  where deptno = 30;

DEPTNO                                                                                                                                                                                                                                                    
------                                                                                                                                                                                                                                                    
    30                                                                                                                                                                                                                                                    
    30                                                                                                                                                                                                                                                    
    30                                                                                                                                                                                                                                                    
    30                                                                                                                                                                                                                                                    
    30                                                                                                                                                                                                                                                    

SQL> select *
  2  from emp
  3  where deptno = 30
  4  and job = 'SALESMAN';

EMPNO ENAME    JOB         MGR HIREDATE       SAL    COMM DEPTNO                                                                                                                                                                                          
----- -------- --------- ----- ---------- ------- ------- ------                                                                                                                                                                                          
 7521 WARD     SALESMAN   7698 81/02/22      1259     500     30                                                                                                                                                                                          
 7654 MARTIN   SALESMAN   7698 81/09/28      1250    1400     30                                                                                                                                                                                          
 7844 TURNER   SALESMAN   7698 81/09/08      1500       0     30                                                                                                                                                                                          

SQL> 
SQL> select *
  2  from emp
  3  where deptno = 30
  4  or job = 'CLERK';

EMPNO ENAME    JOB         MGR HIREDATE       SAL    COMM DEPTNO                                                                                                                                                                                          
----- -------- --------- ----- ---------- ------- ------- ------                                                                                                                                                                                          
 7369 SMITH    CLERK      7902 80/12/17       800             20                                                                                                                                                                                          
 7521 WARD     SALESMAN   7698 81/02/22      1259     500     30                                                                                                                                                                                          
 7654 MARTIN   SALESMAN   7698 81/09/28      1250    1400     30                                                                                                                                                                                          
 7698 BLAKE    MANAGER    7839 81/05/01      2850             30                                                                                                                                                                                          
 7844 TURNER   SALESMAN   7698 81/09/08      1500       0     30                                                                                                                                                                                          
 7876 ADAMS    CLERK      7788 87/05/23      1100             20                                                                                                                                                                                          
 7900 JAMES    CLERK      7698 81/12/03       950             30                                                                                                                                                                                          
 7934 MILLER   CLERK      7782 82/01/23      1300             10                                                                                                                                                                                          

8 rows selected.

SQL> 
SQL> select *
  2  from emp
  3  where sal*12 = 36000;

EMPNO ENAME    JOB         MGR HIREDATE       SAL    COMM DEPTNO                                                                                                                                                                                          
----- -------- --------- ----- ---------- ------- ------- ------                                                                                                                                                                                          
 7788 SCOTT    ANALYST    7566 87/04/19      3000             20                                                                                                                                                                                          
 7902 FORD     ANALYST    7566 81/12/03      3000             20                                                                                                                                                                                          

SQL> select *
  2  from emp
  3  where sal >=3000;

EMPNO ENAME    JOB         MGR HIREDATE       SAL    COMM DEPTNO                                                                                                                                                                                          
----- -------- --------- ----- ---------- ------- ------- ------                                                                                                                                                                                          
 7788 SCOTT    ANALYST    7566 87/04/19      3000             20                                                                                                                                                                                          
 7839 KING     PRESIDENT       81/11/17      5000             10                                                                                                                                                                                          
 7902 FORD     ANALYST    7566 81/12/03      3000             20                                                                                                                                                                                          

SQL> select *
  2  from emp
  3  where ename >='F';

EMPNO ENAME    JOB         MGR HIREDATE       SAL    COMM DEPTNO                                                                                                                                                                                          
----- -------- --------- ----- ---------- ------- ------- ------                                                                                                                                                                                          
 7369 SMITH    CLERK      7902 80/12/17       800             20                                                                                                                                                                                          
 7521 WARD     SALESMAN   7698 81/02/22      1259     500     30                                                                                                                                                                                          
 7566 JONES    MANAGER    7839 81/04/02      2975             20                                                                                                                                                                                          
 7654 MARTIN   SALESMAN   7698 81/09/28      1250    1400     30                                                                                                                                                                                          
 7788 SCOTT    ANALYST    7566 87/04/19      3000             20                                                                                                                                                                                          
 7839 KING     PRESIDENT       81/11/17      5000             10                                                                                                                                                                                          
 7844 TURNER   SALESMAN   7698 81/09/08      1500       0     30                                                                                                                                                                                          
 7900 JAMES    CLERK      7698 81/12/03       950             30                                                                                                                                                                                          
 7902 FORD     ANALYST    7566 81/12/03      3000             20                                                                                                                                                                                          
 7934 MILLER   CLERK      7782 82/01/23      1300             10                                                                                                                                                                                          

10 rows selected.

SQL>  select *
  2  from emp
  3  where ename >='F';

EMPNO ENAME    JOB         MGR HIREDATE       SAL    COMM DEPTNO                                                                                                                                                                                          
----- -------- --------- ----- ---------- ------- ------- ------                                                                                                                                                                                          
 7369 SMITH    CLERK      7902 80/12/17       800             20                                                                                                                                                                                          
 7521 WARD     SALESMAN   7698 81/02/22      1259     500     30                                                                                                                                                                                          
 7566 JONES    MANAGER    7839 81/04/02      2975             20                                                                                                                                                                                          
 7654 MARTIN   SALESMAN   7698 81/09/28      1250    1400     30                                                                                                                                                                                          
 7788 SCOTT    ANALYST    7566 87/04/19      3000             20                                                                                                                                                                                          
 7839 KING     PRESIDENT       81/11/17      5000             10                                                                                                                                                                                          
 7844 TURNER   SALESMAN   7698 81/09/08      1500       0     30                                                                                                                                                                                          
 7900 JAMES    CLERK      7698 81/12/03       950             30                                                                                                                                                                                          
 7902 FORD     ANALYST    7566 81/12/03      3000             20                                                                                                                                                                                          
 7934 MILLER   CLERK      7782 82/01/23      1300             10                                                                                                                                                                                          

10 rows selected.

SQL> select *
  2  from emp
  3  where ename <= 'FORZ' ;

EMPNO ENAME    JOB         MGR HIREDATE       SAL    COMM DEPTNO                                                                                                                                                                                          
----- -------- --------- ----- ---------- ------- ------- ------                                                                                                                                                                                          
 7499 ALLEN    SALESMAN   7698 81/02/20      1600     300     10                                                                                                                                                                                          
 7698 BLAKE    MANAGER    7839 81/05/01      2850             30                                                                                                                                                                                          
 7782 CLARK    MANAGER    7839 81/06/09      2450             10                                                                                                                                                                                          
 7876 ADAMS    CLERK      7788 87/05/23      1100             20                                                                                                                                                                                          
 7902 FORD     ANALYST    7566 81/12/03      3000             20                                                                                                                                                                                          

SQL> select *
  2  from emp
  3  where sal != 3000;

EMPNO ENAME    JOB         MGR HIREDATE       SAL    COMM DEPTNO                                                                                                                                                                                          
----- -------- --------- ----- ---------- ------- ------- ------                                                                                                                                                                                          
 7369 SMITH    CLERK      7902 80/12/17       800             20                                                                                                                                                                                          
 7499 ALLEN    SALESMAN   7698 81/02/20      1600     300     10                                                                                                                                                                                          
 7521 WARD     SALESMAN   7698 81/02/22      1259     500     30                                                                                                                                                                                          
 7566 JONES    MANAGER    7839 81/04/02      2975             20                                                                                                                                                                                          
 7654 MARTIN   SALESMAN   7698 81/09/28      1250    1400     30                                                                                                                                                                                          
 7698 BLAKE    MANAGER    7839 81/05/01      2850             30                                                                                                                                                                                          
 7782 CLARK    MANAGER    7839 81/06/09      2450             10                                                                                                                                                                                          
 7839 KING     PRESIDENT       81/11/17      5000             10                                                                                                                                                                                          
 7844 TURNER   SALESMAN   7698 81/09/08      1500       0     30                                                                                                                                                                                          
 7876 ADAMS    CLERK      7788 87/05/23      1100             20                                                                                                                                                                                          
 7900 JAMES    CLERK      7698 81/12/03       950             30                                                                                                                                                                                          
 7934 MILLER   CLERK      7782 82/01/23      1300             10                                                                                                                                                                                          

12 rows selected.

SQL> select *
  2  from emp
  3  where sal <> 3000;

EMPNO ENAME    JOB         MGR HIREDATE       SAL    COMM DEPTNO                                                                                                                                                                                          
----- -------- --------- ----- ---------- ------- ------- ------                                                                                                                                                                                          
 7369 SMITH    CLERK      7902 80/12/17       800             20                                                                                                                                                                                          
 7499 ALLEN    SALESMAN   7698 81/02/20      1600     300     10                                                                                                                                                                                          
 7521 WARD     SALESMAN   7698 81/02/22      1259     500     30                                                                                                                                                                                          
 7566 JONES    MANAGER    7839 81/04/02      2975             20                                                                                                                                                                                          
 7654 MARTIN   SALESMAN   7698 81/09/28      1250    1400     30                                                                                                                                                                                          
 7698 BLAKE    MANAGER    7839 81/05/01      2850             30                                                                                                                                                                                          
 7782 CLARK    MANAGER    7839 81/06/09      2450             10                                                                                                                                                                                          
 7839 KING     PRESIDENT       81/11/17      5000             10                                                                                                                                                                                          
 7844 TURNER   SALESMAN   7698 81/09/08      1500       0     30                                                                                                                                                                                          
 7876 ADAMS    CLERK      7788 87/05/23      1100             20                                                                                                                                                                                          
 7900 JAMES    CLERK      7698 81/12/03       950             30                                                                                                                                                                                          
 7934 MILLER   CLERK      7782 82/01/23      1300             10                                                                                                                                                                                          

12 rows selected.

SQL> select *
  2  from emp
  3  where sal ^= 3000;

EMPNO ENAME    JOB         MGR HIREDATE       SAL    COMM DEPTNO                                                                                                                                                                                          
----- -------- --------- ----- ---------- ------- ------- ------                                                                                                                                                                                          
 7369 SMITH    CLERK      7902 80/12/17       800             20                                                                                                                                                                                          
 7499 ALLEN    SALESMAN   7698 81/02/20      1600     300     10                                                                                                                                                                                          
 7521 WARD     SALESMAN   7698 81/02/22      1259     500     30                                                                                                                                                                                          
 7566 JONES    MANAGER    7839 81/04/02      2975             20                                                                                                                                                                                          
 7654 MARTIN   SALESMAN   7698 81/09/28      1250    1400     30                                                                                                                                                                                          
 7698 BLAKE    MANAGER    7839 81/05/01      2850             30                                                                                                                                                                                          
 7782 CLARK    MANAGER    7839 81/06/09      2450             10                                                                                                                                                                                          
 7839 KING     PRESIDENT       81/11/17      5000             10                                                                                                                                                                                          
 7844 TURNER   SALESMAN   7698 81/09/08      1500       0     30                                                                                                                                                                                          
 7876 ADAMS    CLERK      7788 87/05/23      1100             20                                                                                                                                                                                          
 7900 JAMES    CLERK      7698 81/12/03       950             30                                                                                                                                                                                          
 7934 MILLER   CLERK      7782 82/01/23      1300             10                                                                                                                                                                                          

12 rows selected.

SQL> select *
  2  from emp
  3  where not sal = 3000;

EMPNO ENAME    JOB         MGR HIREDATE       SAL    COMM DEPTNO                                                                                                                                                                                          
----- -------- --------- ----- ---------- ------- ------- ------                                                                                                                                                                                          
 7369 SMITH    CLERK      7902 80/12/17       800             20                                                                                                                                                                                          
 7499 ALLEN    SALESMAN   7698 81/02/20      1600     300     10                                                                                                                                                                                          
 7521 WARD     SALESMAN   7698 81/02/22      1259     500     30                                                                                                                                                                                          
 7566 JONES    MANAGER    7839 81/04/02      2975             20                                                                                                                                                                                          
 7654 MARTIN   SALESMAN   7698 81/09/28      1250    1400     30                                                                                                                                                                                          
 7698 BLAKE    MANAGER    7839 81/05/01      2850             30                                                                                                                                                                                          
 7782 CLARK    MANAGER    7839 81/06/09      2450             10                                                                                                                                                                                          
 7839 KING     PRESIDENT       81/11/17      5000             10                                                                                                                                                                                          
 7844 TURNER   SALESMAN   7698 81/09/08      1500       0     30                                                                                                                                                                                          
 7876 ADAMS    CLERK      7788 87/05/23      1100             20                                                                                                                                                                                          
 7900 JAMES    CLERK      7698 81/12/03       950             30                                                                                                                                                                                          
 7934 MILLER   CLERK      7782 82/01/23      1300             10                                                                                                                                                                                          

12 rows selected.

SQL> select *
  2  from emp
  3  where job = 'MANAGER'
  4  or job = 'SALESMAN'
  5  or job = 'CLERK';

EMPNO ENAME    JOB         MGR HIREDATE       SAL    COMM DEPTNO                                                                                                                                                                                          
----- -------- --------- ----- ---------- ------- ------- ------                                                                                                                                                                                          
 7369 SMITH    CLERK      7902 80/12/17       800             20                                                                                                                                                                                          
 7499 ALLEN    SALESMAN   7698 81/02/20      1600     300     10                                                                                                                                                                                          
 7521 WARD     SALESMAN   7698 81/02/22      1259     500     30                                                                                                                                                                                          
 7566 JONES    MANAGER    7839 81/04/02      2975             20                                                                                                                                                                                          
 7654 MARTIN   SALESMAN   7698 81/09/28      1250    1400     30                                                                                                                                                                                          
 7698 BLAKE    MANAGER    7839 81/05/01      2850             30                                                                                                                                                                                          
 7782 CLARK    MANAGER    7839 81/06/09      2450             10                                                                                                                                                                                          
 7844 TURNER   SALESMAN   7698 81/09/08      1500       0     30                                                                                                                                                                                          
 7876 ADAMS    CLERK      7788 87/05/23      1100             20                                                                                                                                                                                          
 7900 JAMES    CLERK      7698 81/12/03       950             30                                                                                                                                                                                          
 7934 MILLER   CLERK      7782 82/01/23      1300             10                                                                                                                                                                                          

11 rows selected.

SQL> select *
  2  from emp
  3  where job in ('MANAGER', 'SALESMAN', 'CLERK');

EMPNO ENAME    JOB         MGR HIREDATE       SAL    COMM DEPTNO                                                                                                                                                                                          
----- -------- --------- ----- ---------- ------- ------- ------                                                                                                                                                                                          
 7369 SMITH    CLERK      7902 80/12/17       800             20                                                                                                                                                                                          
 7499 ALLEN    SALESMAN   7698 81/02/20      1600     300     10                                                                                                                                                                                          
 7521 WARD     SALESMAN   7698 81/02/22      1259     500     30                                                                                                                                                                                          
 7566 JONES    MANAGER    7839 81/04/02      2975             20                                                                                                                                                                                          
 7654 MARTIN   SALESMAN   7698 81/09/28      1250    1400     30                                                                                                                                                                                          
 7698 BLAKE    MANAGER    7839 81/05/01      2850             30                                                                                                                                                                                          
 7782 CLARK    MANAGER    7839 81/06/09      2450             10                                                                                                                                                                                          
 7844 TURNER   SALESMAN   7698 81/09/08      1500       0     30                                                                                                                                                                                          
 7876 ADAMS    CLERK      7788 87/05/23      1100             20                                                                                                                                                                                          
 7900 JAMES    CLERK      7698 81/12/03       950             30                                                                                                                                                                                          
 7934 MILLER   CLERK      7782 82/01/23      1300             10                                                                                                                                                                                          

11 rows selected.

SQL> select ename, sal, sal+deptno hi
  2  from emp;

ENAME        SAL         HI                                                                                                                                                                                                                               
-------- ------- ----------                                                                                                                                                                                                                               
SMITH        800        820                                                                                                                                                                                                                               
ALLEN       1600       1610                                                                                                                                                                                                                               
WARD        1259       1289                                                                                                                                                                                                                               
JONES       2975       2995                                                                                                                                                                                                                               
MARTIN      1250       1280                                                                                                                                                                                                                               
BLAKE       2850       2880                                                                                                                                                                                                                               
CLARK       2450       2460                                                                                                                                                                                                                               
SCOTT       3000       3020                                                                                                                                                                                                                               
KING        5000       5010                                                                                                                                                                                                                               
TURNER      1500       1530                                                                                                                                                                                                                               
ADAMS       1100       1120                                                                                                                                                                                                                               
JAMES        950        980                                                                                                                                                                                                                               
FORD        3000       3020                                                                                                                                                                                                                               
MILLER      1300       1310                                                                                                                                                                                                                               

14 rows selected.

SQL> 
SQL> select *
  2  from emp
  3  where job not in ('MANAGER', 'SALESMAN', 'CLERK');

EMPNO ENAME    JOB         MGR HIREDATE       SAL    COMM DEPTNO                                                                                                                                                                                          
----- -------- --------- ----- ---------- ------- ------- ------                                                                                                                                                                                          
 7788 SCOTT    ANALYST    7566 87/04/19      3000             20                                                                                                                                                                                          
 7839 KING     PRESIDENT       81/11/17      5000             10                                                                                                                                                                                          
 7902 FORD     ANALYST    7566 81/12/03      3000             20                                                                                                                                                                                          

SQL> select *
  2  from emp
  3  where sal >= 2000
  4  and sal <= 3000;

EMPNO ENAME    JOB         MGR HIREDATE       SAL    COMM DEPTNO                                                                                                                                                                                          
----- -------- --------- ----- ---------- ------- ------- ------                                                                                                                                                                                          
 7566 JONES    MANAGER    7839 81/04/02      2975             20                                                                                                                                                                                          
 7698 BLAKE    MANAGER    7839 81/05/01      2850             30                                                                                                                                                                                          
 7782 CLARK    MANAGER    7839 81/06/09      2450             10                                                                                                                                                                                          
 7788 SCOTT    ANALYST    7566 87/04/19      3000             20                                                                                                                                                                                          
 7902 FORD     ANALYST    7566 81/12/03      3000             20                                                                                                                                                                                          

SQL> select *
  2  from emp
  3  where sal between 2000 and 3000;

EMPNO ENAME    JOB         MGR HIREDATE       SAL    COMM DEPTNO                                                                                                                                                                                          
----- -------- --------- ----- ---------- ------- ------- ------                                                                                                                                                                                          
 7566 JONES    MANAGER    7839 81/04/02      2975             20                                                                                                                                                                                          
 7698 BLAKE    MANAGER    7839 81/05/01      2850             30                                                                                                                                                                                          
 7782 CLARK    MANAGER    7839 81/06/09      2450             10                                                                                                                                                                                          
 7788 SCOTT    ANALYST    7566 87/04/19      3000             20                                                                                                                                                                                          
 7902 FORD     ANALYST    7566 81/12/03      3000             20                                                                                                                                                                                          

SQL> select *
  2  from emp
  3  where sal not between 2000 and 3000;

EMPNO ENAME    JOB         MGR HIREDATE       SAL    COMM DEPTNO                                                                                                                                                                                          
----- -------- --------- ----- ---------- ------- ------- ------                                                                                                                                                                                          
 7369 SMITH    CLERK      7902 80/12/17       800             20                                                                                                                                                                                          
 7499 ALLEN    SALESMAN   7698 81/02/20      1600     300     10                                                                                                                                                                                          
 7521 WARD     SALESMAN   7698 81/02/22      1259     500     30                                                                                                                                                                                          
 7654 MARTIN   SALESMAN   7698 81/09/28      1250    1400     30                                                                                                                                                                                          
 7839 KING     PRESIDENT       81/11/17      5000             10                                                                                                                                                                                          
 7844 TURNER   SALESMAN   7698 81/09/08      1500       0     30                                                                                                                                                                                          
 7876 ADAMS    CLERK      7788 87/05/23      1100             20                                                                                                                                                                                          
 7900 JAMES    CLERK      7698 81/12/03       950             30                                                                                                                                                                                          
 7934 MILLER   CLERK      7782 82/01/23      1300             10                                                                                                                                                                                          

9 rows selected.

SQL> 
SQL> select *
  2  from emp;

EMPNO ENAME    JOB         MGR HIREDATE       SAL    COMM DEPTNO                                                                                                                                                                                          
----- -------- --------- ----- ---------- ------- ------- ------                                                                                                                                                                                          
 7369 SMITH    CLERK      7902 80/12/17       800             20                                                                                                                                                                                          
 7499 ALLEN    SALESMAN   7698 81/02/20      1600     300     10                                                                                                                                                                                          
 7521 WARD     SALESMAN   7698 81/02/22      1259     500     30                                                                                                                                                                                          
 7566 JONES    MANAGER    7839 81/04/02      2975             20                                                                                                                                                                                          
 7654 MARTIN   SALESMAN   7698 81/09/28      1250    1400     30                                                                                                                                                                                          
 7698 BLAKE    MANAGER    7839 81/05/01      2850             30                                                                                                                                                                                          
 7782 CLARK    MANAGER    7839 81/06/09      2450             10                                                                                                                                                                                          
 7788 SCOTT    ANALYST    7566 87/04/19      3000             20                                                                                                                                                                                          
 7839 KING     PRESIDENT       81/11/17      5000             10                                                                                                                                                                                          
 7844 TURNER   SALESMAN   7698 81/09/08      1500       0     30                                                                                                                                                                                          
 7876 ADAMS    CLERK      7788 87/05/23      1100             20                                                                                                                                                                                          
 7900 JAMES    CLERK      7698 81/12/03       950             30                                                                                                                                                                                          
 7902 FORD     ANALYST    7566 81/12/03      3000             20                                                                                                                                                                                          
 7934 MILLER   CLERK      7782 82/01/23      1300             10                                                                                                                                                                                          

14 rows selected.

SQL> select *
  2  from emp
  3  where ename like'S%';

EMPNO ENAME    JOB         MGR HIREDATE       SAL    COMM DEPTNO                                                                                                                                                                                          
----- -------- --------- ----- ---------- ------- ------- ------                                                                                                                                                                                          
 7369 SMITH    CLERK      7902 80/12/17       800             20                                                                                                                                                                                          
 7788 SCOTT    ANALYST    7566 87/04/19      3000             20                                                                                                                                                                                          

SQL> select *
  2  from emp
  3  where ename like '_L%';

EMPNO ENAME    JOB         MGR HIREDATE       SAL    COMM DEPTNO                                                                                                                                                                                          
----- -------- --------- ----- ---------- ------- ------- ------                                                                                                                                                                                          
 7499 ALLEN    SALESMAN   7698 81/02/20      1600     300     10                                                                                                                                                                                          
 7698 BLAKE    MANAGER    7839 81/05/01      2850             30                                                                                                                                                                                          
 7782 CLARK    MANAGER    7839 81/06/09      2450             10                                                                                                                                                                                          

SQL> select *
  2  from emp
  3  where ename like '%A%';

EMPNO ENAME    JOB         MGR HIREDATE       SAL    COMM DEPTNO                                                                                                                                                                                          
----- -------- --------- ----- ---------- ------- ------- ------                                                                                                                                                                                          
 7499 ALLEN    SALESMAN   7698 81/02/20      1600     300     10                                                                                                                                                                                          
 7521 WARD     SALESMAN   7698 81/02/22      1259     500     30                                                                                                                                                                                          
 7654 MARTIN   SALESMAN   7698 81/09/28      1250    1400     30                                                                                                                                                                                          
 7698 BLAKE    MANAGER    7839 81/05/01      2850             30                                                                                                                                                                                          
 7782 CLARK    MANAGER    7839 81/06/09      2450             10                                                                                                                                                                                          
 7876 ADAMS    CLERK      7788 87/05/23      1100             20                                                                                                                                                                                          
 7900 JAMES    CLERK      7698 81/12/03       950             30                                                                                                                                                                                          

7 rows selected.

SQL> select *
  2  from emp
  3  where comm = null;

no rows selected

SQL> select *
  2  from emp;

EMPNO ENAME    JOB         MGR HIREDATE       SAL    COMM DEPTNO                                                                                                                                                                                          
----- -------- --------- ----- ---------- ------- ------- ------                                                                                                                                                                                          
 7369 SMITH    CLERK      7902 80/12/17       800             20                                                                                                                                                                                          
 7499 ALLEN    SALESMAN   7698 81/02/20      1600     300     10                                                                                                                                                                                          
 7521 WARD     SALESMAN   7698 81/02/22      1259     500     30                                                                                                                                                                                          
 7566 JONES    MANAGER    7839 81/04/02      2975             20                                                                                                                                                                                          
 7654 MARTIN   SALESMAN   7698 81/09/28      1250    1400     30                                                                                                                                                                                          
 7698 BLAKE    MANAGER    7839 81/05/01      2850             30                                                                                                                                                                                          
 7782 CLARK    MANAGER    7839 81/06/09      2450             10                                                                                                                                                                                          
 7788 SCOTT    ANALYST    7566 87/04/19      3000             20                                                                                                                                                                                          
 7839 KING     PRESIDENT       81/11/17      5000             10                                                                                                                                                                                          
 7844 TURNER   SALESMAN   7698 81/09/08      1500       0     30                                                                                                                                                                                          
 7876 ADAMS    CLERK      7788 87/05/23      1100             20                                                                                                                                                                                          
 7900 JAMES    CLERK      7698 81/12/03       950             30                                                                                                                                                                                          
 7902 FORD     ANALYST    7566 81/12/03      3000             20                                                                                                                                                                                          
 7934 MILLER   CLERK      7782 82/01/23      1300             10                                                                                                                                                                                          

14 rows selected.

SQL> select *
  2  from emp
  3  where comm is null;

EMPNO ENAME    JOB         MGR HIREDATE       SAL    COMM DEPTNO                                                                                                                                                                                          
----- -------- --------- ----- ---------- ------- ------- ------                                                                                                                                                                                          
 7369 SMITH    CLERK      7902 80/12/17       800             20                                                                                                                                                                                          
 7566 JONES    MANAGER    7839 81/04/02      2975             20                                                                                                                                                                                          
 7698 BLAKE    MANAGER    7839 81/05/01      2850             30                                                                                                                                                                                          
 7782 CLARK    MANAGER    7839 81/06/09      2450             10                                                                                                                                                                                          
 7788 SCOTT    ANALYST    7566 87/04/19      3000             20                                                                                                                                                                                          
 7839 KING     PRESIDENT       81/11/17      5000             10                                                                                                                                                                                          
 7876 ADAMS    CLERK      7788 87/05/23      1100             20                                                                                                                                                                                          
 7900 JAMES    CLERK      7698 81/12/03       950             30                                                                                                                                                                                          
 7902 FORD     ANALYST    7566 81/12/03      3000             20                                                                                                                                                                                          
 7934 MILLER   CLERK      7782 82/01/23      1300             10                                                                                                                                                                                          

10 rows selected.

SQL> 
SQL> select *
  2  from emp
  3  where not comm is null;

EMPNO ENAME    JOB         MGR HIREDATE       SAL    COMM DEPTNO                                                                                                                                                                                          
----- -------- --------- ----- ---------- ------- ------- ------                                                                                                                                                                                          
 7499 ALLEN    SALESMAN   7698 81/02/20      1600     300     10                                                                                                                                                                                          
 7521 WARD     SALESMAN   7698 81/02/22      1259     500     30                                                                                                                                                                                          
 7654 MARTIN   SALESMAN   7698 81/09/28      1250    1400     30                                                                                                                                                                                          
 7844 TURNER   SALESMAN   7698 81/09/08      1500       0     30                                                                                                                                                                                          

SQL> select *
  2  from emp
  3  where not comm is null; --is not null; 
  4  ;
where not comm is null; --is not null; 
                      *
ERROR at line 3:
ORA-00911: invalid character 


SQL> select *
  2  from emp
  3  where not comm is null;

EMPNO ENAME    JOB         MGR HIREDATE       SAL    COMM DEPTNO                                                                                                                                                                                          
----- -------- --------- ----- ---------- ------- ------- ------                                                                                                                                                                                          
 7499 ALLEN    SALESMAN   7698 81/02/20      1600     300     10                                                                                                                                                                                          
 7521 WARD     SALESMAN   7698 81/02/22      1259     500     30                                                                                                                                                                                          
 7654 MARTIN   SALESMAN   7698 81/09/28      1250    1400     30                                                                                                                                                                                          
 7844 TURNER   SALESMAN   7698 81/09/08      1500       0     30                                                                                                                                                                                          

SQL> --is not null; 
SQL> select *
  2  from emp
  3  ;

EMPNO ENAME    JOB         MGR HIREDATE       SAL    COMM DEPTNO                                                                                                                                                                                          
----- -------- --------- ----- ---------- ------- ------- ------                                                                                                                                                                                          
 7369 SMITH    CLERK      7902 80/12/17       800             20                                                                                                                                                                                          
 7499 ALLEN    SALESMAN   7698 81/02/20      1600     300     10                                                                                                                                                                                          
 7521 WARD     SALESMAN   7698 81/02/22      1259     500     30                                                                                                                                                                                          
 7566 JONES    MANAGER    7839 81/04/02      2975             20                                                                                                                                                                                          
 7654 MARTIN   SALESMAN   7698 81/09/28      1250    1400     30                                                                                                                                                                                          
 7698 BLAKE    MANAGER    7839 81/05/01      2850             30                                                                                                                                                                                          
 7782 CLARK    MANAGER    7839 81/06/09      2450             10                                                                                                                                                                                          
 7788 SCOTT    ANALYST    7566 87/04/19      3000             20                                                                                                                                                                                          
 7839 KING     PRESIDENT       81/11/17      5000             10                                                                                                                                                                                          
 7844 TURNER   SALESMAN   7698 81/09/08      1500       0     30                                                                                                                                                                                          
 7876 ADAMS    CLERK      7788 87/05/23      1100             20                                                                                                                                                                                          
 7900 JAMES    CLERK      7698 81/12/03       950             30                                                                                                                                                                                          
 7902 FORD     ANALYST    7566 81/12/03      3000             20                                                                                                                                                                                          
 7934 MILLER   CLERK      7782 82/01/23      1300             10                                                                                                                                                                                          

14 rows selected.

SQL> select *
  2  from emp
  3  where mgr is null;

EMPNO ENAME    JOB         MGR HIREDATE       SAL    COMM DEPTNO                                                                                                                                                                                          
----- -------- --------- ----- ---------- ------- ------- ------                                                                                                                                                                                          
 7839 KING     PRESIDENT       81/11/17      5000             10                                                                                                                                                                                          

SQL> select *
  2  from emp
  3  where mgr is not null;

EMPNO ENAME    JOB         MGR HIREDATE       SAL    COMM DEPTNO                                                                                                                                                                                          
----- -------- --------- ----- ---------- ------- ------- ------                                                                                                                                                                                          
 7369 SMITH    CLERK      7902 80/12/17       800             20                                                                                                                                                                                          
 7499 ALLEN    SALESMAN   7698 81/02/20      1600     300     10                                                                                                                                                                                          
 7521 WARD     SALESMAN   7698 81/02/22      1259     500     30                                                                                                                                                                                          
 7566 JONES    MANAGER    7839 81/04/02      2975             20                                                                                                                                                                                          
 7654 MARTIN   SALESMAN   7698 81/09/28      1250    1400     30                                                                                                                                                                                          
 7698 BLAKE    MANAGER    7839 81/05/01      2850             30                                                                                                                                                                                          
 7782 CLARK    MANAGER    7839 81/06/09      2450             10                                                                                                                                                                                          
 7788 SCOTT    ANALYST    7566 87/04/19      3000             20                                                                                                                                                                                          
 7844 TURNER   SALESMAN   7698 81/09/08      1500       0     30                                                                                                                                                                                          
 7876 ADAMS    CLERK      7788 87/05/23      1100             20                                                                                                                                                                                          
 7900 JAMES    CLERK      7698 81/12/03       950             30                                                                                                                                                                                          
 7902 FORD     ANALYST    7566 81/12/03      3000             20                                                                                                                                                                                          
 7934 MILLER   CLERK      7782 82/01/23      1300             10                                                                                                                                                                                          

13 rows selected.

SQL> select *
  2  from emp
  3  where sal > null
  4  or comm > null;

no rows selected

SQL> select *
  2  from emp
  3  where sal > null
  4  or comm is null;

EMPNO ENAME    JOB         MGR HIREDATE       SAL    COMM DEPTNO                                                                                                                                                                                          
----- -------- --------- ----- ---------- ------- ------- ------                                                                                                                                                                                          
 7369 SMITH    CLERK      7902 80/12/17       800             20                                                                                                                                                                                          
 7566 JONES    MANAGER    7839 81/04/02      2975             20                                                                                                                                                                                          
 7698 BLAKE    MANAGER    7839 81/05/01      2850             30                                                                                                                                                                                          
 7782 CLARK    MANAGER    7839 81/06/09      2450             10                                                                                                                                                                                          
 7788 SCOTT    ANALYST    7566 87/04/19      3000             20                                                                                                                                                                                          
 7839 KING     PRESIDENT       81/11/17      5000             10                                                                                                                                                                                          
 7876 ADAMS    CLERK      7788 87/05/23      1100             20                                                                                                                                                                                          
 7900 JAMES    CLERK      7698 81/12/03       950             30                                                                                                                                                                                          
 7902 FORD     ANALYST    7566 81/12/03      3000             20                                                                                                                                                                                          
 7934 MILLER   CLERK      7782 82/01/23      1300             10                                                                                                                                                                                          

10 rows selected.

SQL> select *
  2  from emp
  3  where sal > null
  4  and comm is null;

no rows selected

SQL> select *
  2  from emp;

EMPNO ENAME    JOB         MGR HIREDATE       SAL    COMM DEPTNO                                                                                                                                                                                          
----- -------- --------- ----- ---------- ------- ------- ------                                                                                                                                                                                          
 7369 SMITH    CLERK      7902 80/12/17       800             20                                                                                                                                                                                          
 7499 ALLEN    SALESMAN   7698 81/02/20      1600     300     10                                                                                                                                                                                          
 7521 WARD     SALESMAN   7698 81/02/22      1259     500     30                                                                                                                                                                                          
 7566 JONES    MANAGER    7839 81/04/02      2975             20                                                                                                                                                                                          
 7654 MARTIN   SALESMAN   7698 81/09/28      1250    1400     30                                                                                                                                                                                          
 7698 BLAKE    MANAGER    7839 81/05/01      2850             30                                                                                                                                                                                          
 7782 CLARK    MANAGER    7839 81/06/09      2450             10                                                                                                                                                                                          
 7788 SCOTT    ANALYST    7566 87/04/19      3000             20                                                                                                                                                                                          
 7839 KING     PRESIDENT       81/11/17      5000             10                                                                                                                                                                                          
 7844 TURNER   SALESMAN   7698 81/09/08      1500       0     30                                                                                                                                                                                          
 7876 ADAMS    CLERK      7788 87/05/23      1100             20                                                                                                                                                                                          
 7900 JAMES    CLERK      7698 81/12/03       950             30                                                                                                                                                                                          
 7902 FORD     ANALYST    7566 81/12/03      3000             20                                                                                                                                                                                          
 7934 MILLER   CLERK      7782 82/01/23      1300             10                                                                                                                                                                                          

14 rows selected.

SQL> select empno, ename, sal, deptno
  2  from emp
  3  where deptno = 10
  4  union
  5  select empno, ename, sal, deptno
  6  from emp
  7  where deptno =20;

EMPNO ENAME        SAL DEPTNO                                                                                                                                                                                                                             
----- -------- ------- ------                                                                                                                                                                                                                             
 7369 SMITH        800     20                                                                                                                                                                                                                             
 7499 ALLEN       1600     10                                                                                                                                                                                                                             
 7566 JONES       2975     20                                                                                                                                                                                                                             
 7782 CLARK       2450     10                                                                                                                                                                                                                             
 7788 SCOTT       3000     20                                                                                                                                                                                                                             
 7839 KING        5000     10                                                                                                                                                                                                                             
 7876 ADAMS       1100     20                                                                                                                                                                                                                             
 7902 FORD        3000     20                                                                                                                                                                                                                             
 7934 MILLER      1300     10                                                                                                                                                                                                                             

9 rows selected.

SQL> select empno, ename, sal, deptno
  2  from emp
  3  where deptno = 10
  4  union all
  5  select empno, ename, sal, deptno
  6  from emp
  7  where deptno =20;

EMPNO ENAME        SAL DEPTNO                                                                                                                                                                                                                             
----- -------- ------- ------                                                                                                                                                                                                                             
 7499 ALLEN       1600     10                                                                                                                                                                                                                             
 7782 CLARK       2450     10                                                                                                                                                                                                                             
 7839 KING        5000     10                                                                                                                                                                                                                             
 7934 MILLER      1300     10                                                                                                                                                                                                                             
 7369 SMITH        800     20                                                                                                                                                                                                                             
 7566 JONES       2975     20                                                                                                                                                                                                                             
 7788 SCOTT       3000     20                                                                                                                                                                                                                             
 7876 ADAMS       1100     20                                                                                                                                                                                                                             
 7902 FORD        3000     20                                                                                                                                                                                                                             

9 rows selected.

SQL> select empno, ename, sal, deptno
  2  from emp
  3  where deptno = 10
  4  unionall
  5  select empno, ename, sal, deptno
  6  from emp
  7  where deptno =20;
unionall
*
ERROR at line 4:
ORA-00933: SQL command not properly ended 


SQL> select empno, ename, sal, deptno
  2  from emp
  3  where deptno = 10
  4  union all
  5  select empno, ename, sal, deptno
  6  from emp
  7  where deptno =10;

EMPNO ENAME        SAL DEPTNO                                                                                                                                                                                                                             
----- -------- ------- ------                                                                                                                                                                                                                             
 7499 ALLEN       1600     10                                                                                                                                                                                                                             
 7782 CLARK       2450     10                                                                                                                                                                                                                             
 7839 KING        5000     10                                                                                                                                                                                                                             
 7934 MILLER      1300     10                                                                                                                                                                                                                             
 7499 ALLEN       1600     10                                                                                                                                                                                                                             
 7782 CLARK       2450     10                                                                                                                                                                                                                             
 7839 KING        5000     10                                                                                                                                                                                                                             
 7934 MILLER      1300     10                                                                                                                                                                                                                             

8 rows selected.

SQL> 
SQL> select empno, ename, sal, deptno
  2  from emp
  3  minus
  4  select empno, ename, sal, deptno
  5  from emp
  6  where deptno =10;

EMPNO ENAME        SAL DEPTNO                                                                                                                                                                                                                             
----- -------- ------- ------                                                                                                                                                                                                                             
 7369 SMITH        800     20                                                                                                                                                                                                                             
 7521 WARD        1259     30                                                                                                                                                                                                                             
 7566 JONES       2975     20                                                                                                                                                                                                                             
 7654 MARTIN      1250     30                                                                                                                                                                                                                             
 7698 BLAKE       2850     30                                                                                                                                                                                                                             
 7788 SCOTT       3000     20                                                                                                                                                                                                                             
 7844 TURNER      1500     30                                                                                                                                                                                                                             
 7876 ADAMS       1100     20                                                                                                                                                                                                                             
 7900 JAMES        950     30                                                                                                                                                                                                                             
 7902 FORD        3000     20                                                                                                                                                                                                                             

10 rows selected.

SQL> --  select   
SQL> select empno, ename, sal, deptno
  2  from emp
  3  intersect
  4  select empno, ename, sal, deptno
  5  from emp
  6  where deptno =10;

EMPNO ENAME        SAL DEPTNO                                                                                                                                                                                                                             
----- -------- ------- ------                                                                                                                                                                                                                             
 7499 ALLEN       1600     10                                                                                                                                                                                                                             
 7782 CLARK       2450     10                                                                                                                                                                                                                             
 7839 KING        5000     10                                                                                                                                                                                                                             
 7934 MILLER      1300     10                                                                                                                                                                                                                             

SQL> select *
  2  from emp;

EMPNO ENAME    JOB         MGR HIREDATE       SAL    COMM DEPTNO                                                                                                                                                                                          
----- -------- --------- ----- ---------- ------- ------- ------                                                                                                                                                                                          
 7369 SMITH    CLERK      7902 80/12/17       800             20                                                                                                                                                                                          
 7499 ALLEN    SALESMAN   7698 81/02/20      1600     300     10                                                                                                                                                                                          
 7521 WARD     SALESMAN   7698 81/02/22      1259     500     30                                                                                                                                                                                          
 7566 JONES    MANAGER    7839 81/04/02      2975             20                                                                                                                                                                                          
 7654 MARTIN   SALESMAN   7698 81/09/28      1250    1400     30                                                                                                                                                                                          
 7698 BLAKE    MANAGER    7839 81/05/01      2850             30                                                                                                                                                                                          
 7782 CLARK    MANAGER    7839 81/06/09      2450             10                                                                                                                                                                                          
 7788 SCOTT    ANALYST    7566 87/04/19      3000             20                                                                                                                                                                                          
 7839 KING     PRESIDENT       81/11/17      5000             10                                                                                                                                                                                          
 7844 TURNER   SALESMAN   7698 81/09/08      1500       0     30                                                                                                                                                                                          
 7876 ADAMS    CLERK      7788 87/05/23      1100             20                                                                                                                                                                                          
 7900 JAMES    CLERK      7698 81/12/03       950             30                                                                                                                                                                                          
 7902 FORD     ANALYST    7566 81/12/03      3000             20                                                                                                                                                                                          
 7934 MILLER   CLERK      7782 82/01/23      1300             10                                                                                                                                                                                          

14 rows selected.

SQL> select distinct job
  2  from emp;

JOB                                                                                                                                                                                                                                                       
---------                                                                                                                                                                                                                                                 
CLERK                                                                                                                                                                                                                                                     
SALESMAN                                                                                                                                                                                                                                                  
PRESIDENT                                                                                                                                                                                                                                                 
MANAGER                                                                                                                                                                                                                                                   
ANALYST                                                                                                                                                                                                                                                   

SQL> select empno employee_no
  2  from emp;

EMPLOYEE_NO                                                                                                                                                                                                                                               
-----------                                                                                                                                                                                                                                               
       7369                                                                                                                                                                                                                                               
       7499                                                                                                                                                                                                                                               
       7521                                                                                                                                                                                                                                               
       7566                                                                                                                                                                                                                                               
       7654                                                                                                                                                                                                                                               
       7698                                                                                                                                                                                                                                               
       7782                                                                                                                                                                                                                                               
       7788                                                                                                                                                                                                                                               
       7839                                                                                                                                                                                                                                               
       7844                                                                                                                                                                                                                                               
       7876                                                                                                                                                                                                                                               
       7900                                                                                                                                                                                                                                               
       7902                                                                                                                                                                                                                                               
       7934                                                                                                                                                                                                                                               

14 rows selected.

SQL> 
SQL> select empno employee_no, ename employee_name, job, mgr salary, hiredate, sal salary, comm commission, deptno department_no
  2  from emp;

EMPLOYEE_NO EMPLOYEE_NAME        JOB           SALARY HIREDATE       SALARY COMMISSION DEPARTMENT_NO                                                                                                                                                      
----------- -------------------- --------- ---------- ---------- ---------- ---------- -------------                                                                                                                                                      
       7369 SMITH                CLERK           7902 80/12/17          800                       20                                                                                                                                                      
       7499 ALLEN                SALESMAN        7698 81/02/20         1600        300            10                                                                                                                                                      
       7521 WARD                 SALESMAN        7698 81/02/22         1259        500            30                                                                                                                                                      
       7566 JONES                MANAGER         7839 81/04/02         2975                       20                                                                                                                                                      
       7654 MARTIN               SALESMAN        7698 81/09/28         1250       1400            30                                                                                                                                                      
       7698 BLAKE                MANAGER         7839 81/05/01         2850                       30                                                                                                                                                      
       7782 CLARK                MANAGER         7839 81/06/09         2450                       10                                                                                                                                                      
       7788 SCOTT                ANALYST         7566 87/04/19         3000                       20                                                                                                                                                      
       7839 KING                 PRESIDENT            81/11/17         5000                       10                                                                                                                                                      
       7844 TURNER               SALESMAN        7698 81/09/08         1500          0            30                                                                                                                                                      
       7876 ADAMS                CLERK           7788 87/05/23         1100                       20                                                                                                                                                      
       7900 JAMES                CLERK           7698 81/12/03          950                       30                                                                                                                                                      
       7902 FORD                 ANALYST         7566 81/12/03         3000                       20                                                                                                                                                      
       7934 MILLER               CLERK           7782 82/01/23         1300                       10                                                                                                                                                      

14 rows selected.

SQL> select empno employee_no, ename employee_name, job, mgr salary, hiredate, sal salary, comm commission, deptno department_no
  2  from emp
  3  order by employee_no desc,employee_name asc;

EMPLOYEE_NO EMPLOYEE_NAME        JOB           SALARY HIREDATE       SALARY COMMISSION DEPARTMENT_NO                                                                                                                                                      
----------- -------------------- --------- ---------- ---------- ---------- ---------- -------------                                                                                                                                                      
       7934 MILLER               CLERK           7782 82/01/23         1300                       10                                                                                                                                                      
       7902 FORD                 ANALYST         7566 81/12/03         3000                       20                                                                                                                                                      
       7900 JAMES                CLERK           7698 81/12/03          950                       30                                                                                                                                                      
       7876 ADAMS                CLERK           7788 87/05/23         1100                       20                                                                                                                                                      
       7844 TURNER               SALESMAN        7698 81/09/08         1500          0            30                                                                                                                                                      
       7839 KING                 PRESIDENT            81/11/17         5000                       10                                                                                                                                                      
       7788 SCOTT                ANALYST         7566 87/04/19         3000                       20                                                                                                                                                      
       7782 CLARK                MANAGER         7839 81/06/09         2450                       10                                                                                                                                                      
       7698 BLAKE                MANAGER         7839 81/05/01         2850                       30                                                                                                                                                      
       7654 MARTIN               SALESMAN        7698 81/09/28         1250       1400            30                                                                                                                                                      
       7566 JONES                MANAGER         7839 81/04/02         2975                       20                                                                                                                                                      
       7521 WARD                 SALESMAN        7698 81/02/22         1259        500            30                                                                                                                                                      
       7499 ALLEN                SALESMAN        7698 81/02/20         1600        300            10                                                                                                                                                      
       7369 SMITH                CLERK           7902 80/12/17          800                       20                                                                                                                                                      

14 rows selected.

SQL> select empno employee_no, ename employee_name, job, mgr salary, hiredate, sal salary, comm commission, deptno department_no
  2  from emp
  3  order by employee_no desc, employee_name asc;

EMPLOYEE_NO EMPLOYEE_NAME        JOB           SALARY HIREDATE       SALARY COMMISSION DEPARTMENT_NO                                                                                                                                                      
----------- -------------------- --------- ---------- ---------- ---------- ---------- -------------                                                                                                                                                      
       7934 MILLER               CLERK           7782 82/01/23         1300                       10                                                                                                                                                      
       7902 FORD                 ANALYST         7566 81/12/03         3000                       20                                                                                                                                                      
       7900 JAMES                CLERK           7698 81/12/03          950                       30                                                                                                                                                      
       7876 ADAMS                CLERK           7788 87/05/23         1100                       20                                                                                                                                                      
       7844 TURNER               SALESMAN        7698 81/09/08         1500          0            30                                                                                                                                                      
       7839 KING                 PRESIDENT            81/11/17         5000                       10                                                                                                                                                      
       7788 SCOTT                ANALYST         7566 87/04/19         3000                       20                                                                                                                                                      
       7782 CLARK                MANAGER         7839 81/06/09         2450                       10                                                                                                                                                      
       7698 BLAKE                MANAGER         7839 81/05/01         2850                       30                                                                                                                                                      
       7654 MARTIN               SALESMAN        7698 81/09/28         1250       1400            30                                                                                                                                                      
       7566 JONES                MANAGER         7839 81/04/02         2975                       20                                                                                                                                                      
       7521 WARD                 SALESMAN        7698 81/02/22         1259        500            30                                                                                                                                                      
       7499 ALLEN                SALESMAN        7698 81/02/20         1600        300            10                                                                                                                                                      
       7369 SMITH                CLERK           7902 80/12/17          800                       20                                                                                                                                                      

14 rows selected.

SQL> select empno employee_no, ename employee_name, job, mgr salary, hiredate, sal salary, comm commission, deptno department_no
  2  from emp
  3  order by empno desc, ename asc;

EMPLOYEE_NO EMPLOYEE_NAME        JOB           SALARY HIREDATE       SALARY COMMISSION DEPARTMENT_NO                                                                                                                                                      
----------- -------------------- --------- ---------- ---------- ---------- ---------- -------------                                                                                                                                                      
       7934 MILLER               CLERK           7782 82/01/23         1300                       10                                                                                                                                                      
       7902 FORD                 ANALYST         7566 81/12/03         3000                       20                                                                                                                                                      
       7900 JAMES                CLERK           7698 81/12/03          950                       30                                                                                                                                                      
       7876 ADAMS                CLERK           7788 87/05/23         1100                       20                                                                                                                                                      
       7844 TURNER               SALESMAN        7698 81/09/08         1500          0            30                                                                                                                                                      
       7839 KING                 PRESIDENT            81/11/17         5000                       10                                                                                                                                                      
       7788 SCOTT                ANALYST         7566 87/04/19         3000                       20                                                                                                                                                      
       7782 CLARK                MANAGER         7839 81/06/09         2450                       10                                                                                                                                                      
       7698 BLAKE                MANAGER         7839 81/05/01         2850                       30                                                                                                                                                      
       7654 MARTIN               SALESMAN        7698 81/09/28         1250       1400            30                                                                                                                                                      
       7566 JONES                MANAGER         7839 81/04/02         2975                       20                                                                                                                                                      
       7521 WARD                 SALESMAN        7698 81/02/22         1259        500            30                                                                                                                                                      
       7499 ALLEN                SALESMAN        7698 81/02/20         1600        300            10                                                                                                                                                      
       7369 SMITH                CLERK           7902 80/12/17          800                       20                                                                                                                                                      

14 rows selected.

SQL> select empno employee_no, ename employee_name, job, mgr salary, hiredate, sal salary, comm commission, deptno department_no
  2  from emp
  3  order by department_no desc, employee_name asc;

EMPLOYEE_NO EMPLOYEE_NAME        JOB           SALARY HIREDATE       SALARY COMMISSION DEPARTMENT_NO                                                                                                                                                      
----------- -------------------- --------- ---------- ---------- ---------- ---------- -------------                                                                                                                                                      
       7698 BLAKE                MANAGER         7839 81/05/01         2850                       30                                                                                                                                                      
       7900 JAMES                CLERK           7698 81/12/03          950                       30                                                                                                                                                      
       7654 MARTIN               SALESMAN        7698 81/09/28         1250       1400            30                                                                                                                                                      
       7844 TURNER               SALESMAN        7698 81/09/08         1500          0            30                                                                                                                                                      
       7521 WARD                 SALESMAN        7698 81/02/22         1259        500            30                                                                                                                                                      
       7876 ADAMS                CLERK           7788 87/05/23         1100                       20                                                                                                                                                      
       7902 FORD                 ANALYST         7566 81/12/03         3000                       20                                                                                                                                                      
       7566 JONES                MANAGER         7839 81/04/02         2975                       20                                                                                                                                                      
       7788 SCOTT                ANALYST         7566 87/04/19         3000                       20                                                                                                                                                      
       7369 SMITH                CLERK           7902 80/12/17          800                       20                                                                                                                                                      
       7499 ALLEN                SALESMAN        7698 81/02/20         1600        300            10                                                                                                                                                      
       7782 CLARK                MANAGER         7839 81/06/09         2450                       10                                                                                                                                                      
       7839 KING                 PRESIDENT            81/11/17         5000                       10                                                                                                                                                      
       7934 MILLER               CLERK           7782 82/01/23         1300                       10                                                                                                                                                      

14 rows selected.

SQL> select *
  2  from emp
  3  where sal > 3000 or sal < 2000;

EMPNO ENAME    JOB         MGR HIREDATE       SAL    COMM DEPTNO                                                                                                                                                                                          
----- -------- --------- ----- ---------- ------- ------- ------                                                                                                                                                                                          
 7369 SMITH    CLERK      7902 80/12/17       800             20                                                                                                                                                                                          
 7499 ALLEN    SALESMAN   7698 81/02/20      1600     300     10                                                                                                                                                                                          
 7521 WARD     SALESMAN   7698 81/02/22      1259     500     30                                                                                                                                                                                          
 7654 MARTIN   SALESMAN   7698 81/09/28      1250    1400     30                                                                                                                                                                                          
 7839 KING     PRESIDENT       81/11/17      5000             10                                                                                                                                                                                          
 7844 TURNER   SALESMAN   7698 81/09/08      1500       0     30                                                                                                                                                                                          
 7876 ADAMS    CLERK      7788 87/05/23      1100             20                                                                                                                                                                                          
 7900 JAMES    CLERK      7698 81/12/03       950             30                                                                                                                                                                                          
 7934 MILLER   CLERK      7782 82/01/23      1300             10                                                                                                                                                                                          

9 rows selected.

SQL> select *
  2  from emp;

EMPNO ENAME    JOB         MGR HIREDATE       SAL    COMM DEPTNO                                                                                                                                                                                          
----- -------- --------- ----- ---------- ------- ------- ------                                                                                                                                                                                          
 7369 SMITH    CLERK      7902 80/12/17       800             20                                                                                                                                                                                          
 7499 ALLEN    SALESMAN   7698 81/02/20      1600     300     10                                                                                                                                                                                          
 7521 WARD     SALESMAN   7698 81/02/22      1259     500     30                                                                                                                                                                                          
 7566 JONES    MANAGER    7839 81/04/02      2975             20                                                                                                                                                                                          
 7654 MARTIN   SALESMAN   7698 81/09/28      1250    1400     30                                                                                                                                                                                          
 7698 BLAKE    MANAGER    7839 81/05/01      2850             30                                                                                                                                                                                          
 7782 CLARK    MANAGER    7839 81/06/09      2450             10                                                                                                                                                                                          
 7788 SCOTT    ANALYST    7566 87/04/19      3000             20                                                                                                                                                                                          
 7839 KING     PRESIDENT       81/11/17      5000             10                                                                                                                                                                                          
 7844 TURNER   SALESMAN   7698 81/09/08      1500       0     30                                                                                                                                                                                          
 7876 ADAMS    CLERK      7788 87/05/23      1100             20                                                                                                                                                                                          
 7900 JAMES    CLERK      7698 81/12/03       950             30                                                                                                                                                                                          
 7902 FORD     ANALYST    7566 81/12/03      3000             20                                                                                                                                                                                          
 7934 MILLER   CLERK      7782 82/01/23      1300             10                                                                                                                                                                                          

14 rows selected.

SQL> select ename, empno, sal, deptno
  2  from emp
  3  where ename('%E%') and deptno = 30;
where ename('%E%') and deptno = 30
                   *
ERROR at line 3:
ORA-00920: invalid relational operator 


SQL> select ename, empno, sal, deptno
  2  from emp
  3  where ename like ('%E%') and deptno = 30;

ENAME    EMPNO     SAL DEPTNO                                                                                                                                                                                                                             
-------- ----- ------- ------                                                                                                                                                                                                                             
BLAKE     7698    2850     30                                                                                                                                                                                                                             
TURNER    7844    1500     30                                                                                                                                                                                                                             
JAMES     7900     950     30                                                                                                                                                                                                                             

SQL> select *
  2  from emp
  3  where comm is null and mgr is not null and job = 'MANAGER', 'CRERK' and ename not like ('_L%');
where comm is null and mgr is not null and job = 'MANAGER', 'CRERK' and ename not like ('_L%')
                                                          *
ERROR at line 3:
ORA-00933: SQL command not properly ended 


SQL> select *
  2  from emp
  3  where comm is null and mgr is not null and job in 'MANAGER', 'CRERK' and ename not like ('_L%');
where comm is null and mgr is not null and job in 'MANAGER', 'CRERK' and ename not like ('_L%')
                                                           *
ERROR at line 3:
ORA-00933: SQL command not properly ended 


SQL> select *
  2  from emp
  3  where comm is null and mgr is not null and job in ('MANAGER', 'CRERK') and ename not like ('_L%');

EMPNO ENAME    JOB         MGR HIREDATE       SAL    COMM DEPTNO                                                                                                                                                                                          
----- -------- --------- ----- ---------- ------- ------- ------                                                                                                                                                                                          
 7566 JONES    MANAGER    7839 81/04/02      2975             20                                                                                                                                                                                          

SQL> select *
  2  from emp;

EMPNO ENAME    JOB         MGR HIREDATE       SAL    COMM DEPTNO                                                                                                                                                                                          
----- -------- --------- ----- ---------- ------- ------- ------                                                                                                                                                                                          
 7369 SMITH    CLERK      7902 80/12/17       800             20                                                                                                                                                                                          
 7499 ALLEN    SALESMAN   7698 81/02/20      1600     300     10                                                                                                                                                                                          
 7521 WARD     SALESMAN   7698 81/02/22      1259     500     30                                                                                                                                                                                          
 7566 JONES    MANAGER    7839 81/04/02      2975             20                                                                                                                                                                                          
 7654 MARTIN   SALESMAN   7698 81/09/28      1250    1400     30                                                                                                                                                                                          
 7698 BLAKE    MANAGER    7839 81/05/01      2850             30                                                                                                                                                                                          
 7782 CLARK    MANAGER    7839 81/06/09      2450             10                                                                                                                                                                                          
 7788 SCOTT    ANALYST    7566 87/04/19      3000             20                                                                                                                                                                                          
 7839 KING     PRESIDENT       81/11/17      5000             10                                                                                                                                                                                          
 7844 TURNER   SALESMAN   7698 81/09/08      1500       0     30                                                                                                                                                                                          
 7876 ADAMS    CLERK      7788 87/05/23      1100             20                                                                                                                                                                                          
 7900 JAMES    CLERK      7698 81/12/03       950             30                                                                                                                                                                                          
 7902 FORD     ANALYST    7566 81/12/03      3000             20                                                                                                                                                                                          
 7934 MILLER   CLERK      7782 82/01/23      1300             10                                                                                                                                                                                          

14 rows selected.

SQL> select *
  2  for emp
  3  where job in ('MANAGER', 'CRERK');
for emp
*
ERROR at line 2:
ORA-00923: FROM keyword not found where expected 


SQL> select *
  2  from emp
  3  where job in('MANAGER', 'CLERK');

EMPNO ENAME    JOB         MGR HIREDATE       SAL    COMM DEPTNO                                                                                                                                                                                          
----- -------- --------- ----- ---------- ------- ------- ------                                                                                                                                                                                          
 7369 SMITH    CLERK      7902 80/12/17       800             20                                                                                                                                                                                          
 7566 JONES    MANAGER    7839 81/04/02      2975             20                                                                                                                                                                                          
 7698 BLAKE    MANAGER    7839 81/05/01      2850             30                                                                                                                                                                                          
 7782 CLARK    MANAGER    7839 81/06/09      2450             10                                                                                                                                                                                          
 7876 ADAMS    CLERK      7788 87/05/23      1100             20                                                                                                                                                                                          
 7900 JAMES    CLERK      7698 81/12/03       950             30                                                                                                                                                                                          
 7934 MILLER   CLERK      7782 82/01/23      1300             10                                                                                                                                                                                          

7 rows selected.

SQL> select *
  2  from emp
  3  where comm is null and mgr is not null and job in('MANAGER', 'CRERK') and ename not like ('_L%');

EMPNO ENAME    JOB         MGR HIREDATE       SAL    COMM DEPTNO                                                                                                                                                                                          
----- -------- --------- ----- ---------- ------- ------- ------                                                                                                                                                                                          
 7566 JONES    MANAGER    7839 81/04/02      2975             20                                                                                                                                                                                          

SQL> select *
  2  from emp
  3  where comm is null and mgr is not null and job in ('MANAGER', 'CRERK') and ename not like ('_L%');

EMPNO ENAME    JOB         MGR HIREDATE       SAL    COMM DEPTNO                                                                                                                                                                                          
----- -------- --------- ----- ---------- ------- ------- ------                                                                                                                                                                                          
 7566 JONES    MANAGER    7839 81/04/02      2975             20                                                                                                                                                                                          

SQL> select *
  2  from emp
  3  where ename like ('%S');

EMPNO ENAME    JOB         MGR HIREDATE       SAL    COMM DEPTNO                                                                                                                                                                                          
----- -------- --------- ----- ---------- ------- ------- ------                                                                                                                                                                                          
 7566 JONES    MANAGER    7839 81/04/02      2975             20                                                                                                                                                                                          
 7876 ADAMS    CLERK      7788 87/05/23      1100             20                                                                                                                                                                                          
 7900 JAMES    CLERK      7698 81/12/03       950             30                                                                                                                                                                                          

SQL> select empno, ename, job, sal, deptno
  2  from emp
  3  where deptno = 30 and job in ('MANAGER');

EMPNO ENAME    JOB           SAL DEPTNO                                                                                                                                                                                                                   
----- -------- --------- ------- ------                                                                                                                                                                                                                   
 7698 BLAKE    MANAGER      2850     30                                                                                                                                                                                                                   

SQL> select empno, ename, job, sal, deptno
  2  from emp
  3  where deptno = 30 or job in ('MANAGER');

EMPNO ENAME    JOB           SAL DEPTNO                                                                                                                                                                                                                   
----- -------- --------- ------- ------                                                                                                                                                                                                                   
 7521 WARD     SALESMAN     1259     30                                                                                                                                                                                                                   
 7566 JONES    MANAGER      2975     20                                                                                                                                                                                                                   
 7654 MARTIN   SALESMAN     1250     30                                                                                                                                                                                                                   
 7698 BLAKE    MANAGER      2850     30                                                                                                                                                                                                                   
 7782 CLARK    MANAGER      2450     10                                                                                                                                                                                                                   
 7844 TURNER   SALESMAN     1500     30                                                                                                                                                                                                                   
 7900 JAMES    CLERK         950     30                                                                                                                                                                                                                   

7 rows selected.

SQL> select empno, ename, job, sal, deptno
  2  from emp
  3  where deptno = 30 and job in ('MANAGER');

EMPNO ENAME    JOB           SAL DEPTNO                                                                                                                                                                                                                   
----- -------- --------- ------- ------                                                                                                                                                                                                                   
 7698 BLAKE    MANAGER      2850     30                                                                                                                                                                                                                   

SQL> select *
  2  from emp;

EMPNO ENAME    JOB         MGR HIREDATE       SAL    COMM DEPTNO                                                                                                                                                                                          
----- -------- --------- ----- ---------- ------- ------- ------                                                                                                                                                                                          
 7369 SMITH    CLERK      7902 80/12/17       800             20                                                                                                                                                                                          
 7499 ALLEN    SALESMAN   7698 81/02/20      1600     300     10                                                                                                                                                                                          
 7521 WARD     SALESMAN   7698 81/02/22      1259     500     30                                                                                                                                                                                          
 7566 JONES    MANAGER    7839 81/04/02      2975             20                                                                                                                                                                                          
 7654 MARTIN   SALESMAN   7698 81/09/28      1250    1400     30                                                                                                                                                                                          
 7698 BLAKE    MANAGER    7839 81/05/01      2850             30                                                                                                                                                                                          
 7782 CLARK    MANAGER    7839 81/06/09      2450             10                                                                                                                                                                                          
 7788 SCOTT    ANALYST    7566 87/04/19      3000             20                                                                                                                                                                                          
 7839 KING     PRESIDENT       81/11/17      5000             10                                                                                                                                                                                          
 7844 TURNER   SALESMAN   7698 81/09/08      1500       0     30                                                                                                                                                                                          
 7876 ADAMS    CLERK      7788 87/05/23      1100             20                                                                                                                                                                                          
 7900 JAMES    CLERK      7698 81/12/03       950             30                                                                                                                                                                                          
 7902 FORD     ANALYST    7566 81/12/03      3000             20                                                                                                                                                                                          
 7934 MILLER   CLERK      7782 82/01/23      1300             10                                                                                                                                                                                          

14 rows selected.

SQL> select *
  2  from emp
  3  where job in ('MANAGER');

EMPNO ENAME    JOB         MGR HIREDATE       SAL    COMM DEPTNO                                                                                                                                                                                          
----- -------- --------- ----- ---------- ------- ------- ------                                                                                                                                                                                          
 7566 JONES    MANAGER    7839 81/04/02      2975             20                                                                                                                                                                                          
 7698 BLAKE    MANAGER    7839 81/05/01      2850             30                                                                                                                                                                                          
 7782 CLARK    MANAGER    7839 81/06/09      2450             10                                                                                                                                                                                          

SQL> select empno, ename, job, sal, deptno
  2  from emp
  3  where deptno = 20, 30;
where deptno = 20, 30
                 *
ERROR at line 3:
ORA-00933: SQL command not properly ended 


SQL> select empno, ename, job, sal, deptno
  2  from emp
  3  where deptno = 20 and deptno = 30;

no rows selected

SQL> select empno, ename, job, sal, deptno
  2  from emp
  3  where deptno = 20 and deptno = 30;

no rows selected

SQL> select empno, ename, job, sal, deptno
  2  from emp
  3  where deptno = 20 or deptno = 30;

EMPNO ENAME    JOB           SAL DEPTNO                                                                                                                                                                                                                   
----- -------- --------- ------- ------                                                                                                                                                                                                                   
 7369 SMITH    CLERK         800     20                                                                                                                                                                                                                   
 7521 WARD     SALESMAN     1259     30                                                                                                                                                                                                                   
 7566 JONES    MANAGER      2975     20                                                                                                                                                                                                                   
 7654 MARTIN   SALESMAN     1250     30                                                                                                                                                                                                                   
 7698 BLAKE    MANAGER      2850     30                                                                                                                                                                                                                   
 7788 SCOTT    ANALYST      3000     20                                                                                                                                                                                                                   
 7844 TURNER   SALESMAN     1500     30                                                                                                                                                                                                                   
 7876 ADAMS    CLERK        1100     20                                                                                                                                                                                                                   
 7900 JAMES    CLERK         950     30                                                                                                                                                                                                                   
 7902 FORD     ANALYST      3000     20                                                                                                                                                                                                                   

10 rows selected.

SQL> select empno, ename, job, sal, deptno
  2  from emp
  3  where deptno = 20 or deptno = 30 and sal > 2000;

EMPNO ENAME    JOB           SAL DEPTNO                                                                                                                                                                                                                   
----- -------- --------- ------- ------                                                                                                                                                                                                                   
 7369 SMITH    CLERK         800     20                                                                                                                                                                                                                   
 7566 JONES    MANAGER      2975     20                                                                                                                                                                                                                   
 7698 BLAKE    MANAGER      2850     30                                                                                                                                                                                                                   
 7788 SCOTT    ANALYST      3000     20                                                                                                                                                                                                                   
 7876 ADAMS    CLERK        1100     20                                                                                                                                                                                                                   
 7902 FORD     ANALYST      3000     20                                                                                                                                                                                                                   

6 rows selected.

SQL> select empno, ename, job, sal, deptno
  2  from emp
  3  where deptno = 20 or deptno = 30
  4  union
  5  select empno, ename, job, sal, deptno
  6  from emp
  7  where sal > 2000;

EMPNO ENAME    JOB           SAL DEPTNO                                                                                                                                                                                                                   
----- -------- --------- ------- ------                                                                                                                                                                                                                   
 7369 SMITH    CLERK         800     20                                                                                                                                                                                                                   
 7521 WARD     SALESMAN     1259     30                                                                                                                                                                                                                   
 7566 JONES    MANAGER      2975     20                                                                                                                                                                                                                   
 7654 MARTIN   SALESMAN     1250     30                                                                                                                                                                                                                   
 7698 BLAKE    MANAGER      2850     30                                                                                                                                                                                                                   
 7782 CLARK    MANAGER      2450     10                                                                                                                                                                                                                   
 7788 SCOTT    ANALYST      3000     20                                                                                                                                                                                                                   
 7839 KING     PRESIDENT    5000     10                                                                                                                                                                                                                   
 7844 TURNER   SALESMAN     1500     30                                                                                                                                                                                                                   
 7876 ADAMS    CLERK        1100     20                                                                                                                                                                                                                   
 7900 JAMES    CLERK         950     30                                                                                                                                                                                                                   
 7902 FORD     ANALYST      3000     20                                                                                                                                                                                                                   

12 rows selected.

SQL> select empno, ename, job, sal, deptno
  2  from emp
  3  where deptno = 20 or deptno = 30
  4  intersect
  5  select empno, ename, job, sal, deptno
  6  from emp
  7  where sal > 2000;

EMPNO ENAME    JOB           SAL DEPTNO                                                                                                                                                                                                                   
----- -------- --------- ------- ------                                                                                                                                                                                                                   
 7566 JONES    MANAGER      2975     20                                                                                                                                                                                                                   
 7698 BLAKE    MANAGER      2850     30                                                                                                                                                                                                                   
 7788 SCOTT    ANALYST      3000     20                                                                                                                                                                                                                   
 7902 FORD     ANALYST      3000     20                                                                                                                                                                                                                   

SQL> select empno, ename, job, sal, deptno
  2  from emp
  3  where (deptno = 20 or deptno = 30) and sal > 2000;

EMPNO ENAME    JOB           SAL DEPTNO                                                                                                                                                                                                                   
----- -------- --------- ------- ------                                                                                                                                                                                                                   
 7566 JONES    MANAGER      2975     20                                                                                                                                                                                                                   
 7698 BLAKE    MANAGER      2850     30                                                                                                                                                                                                                   
 7788 SCOTT    ANALYST      3000     20                                                                                                                                                                                                                   
 7902 FORD     ANALYST      3000     20                                                                                                                                                                                                                   

SQL> select *
  2  from emp
  3  where comm is null and mgr is not null and job in ('MANAGER', 'CRERK');

EMPNO ENAME    JOB         MGR HIREDATE       SAL    COMM DEPTNO                                                                                                                                                                                          
----- -------- --------- ----- ---------- ------- ------- ------                                                                                                                                                                                          
 7566 JONES    MANAGER    7839 81/04/02      2975             20                                                                                                                                                                                          
 7698 BLAKE    MANAGER    7839 81/05/01      2850             30                                                                                                                                                                                          
 7782 CLARK    MANAGER    7839 81/06/09      2450             10                                                                                                                                                                                          

SQL> select *
  2  from emp
  3  where (comm is null and mgr is not null) and job in ('MANAGER', 'CRERK');

EMPNO ENAME    JOB         MGR HIREDATE       SAL    COMM DEPTNO                                                                                                                                                                                          
----- -------- --------- ----- ---------- ------- ------- ------                                                                                                                                                                                          
 7566 JONES    MANAGER    7839 81/04/02      2975             20                                                                                                                                                                                          
 7698 BLAKE    MANAGER    7839 81/05/01      2850             30                                                                                                                                                                                          
 7782 CLARK    MANAGER    7839 81/06/09      2450             10                                                                                                                                                                                          

SQL> select *
  2  from emp
  3  where (comm is null and mgr is not null) and job in ('MANAGER', 'CLERK') and ename not like ('_L%');

EMPNO ENAME    JOB         MGR HIREDATE       SAL    COMM DEPTNO                                                                                                                                                                                          
----- -------- --------- ----- ---------- ------- ------- ------                                                                                                                                                                                          
 7369 SMITH    CLERK      7902 80/12/17       800             20                                                                                                                                                                                          
 7566 JONES    MANAGER    7839 81/04/02      2975             20                                                                                                                                                                                          
 7876 ADAMS    CLERK      7788 87/05/23      1100             20                                                                                                                                                                                          
 7900 JAMES    CLERK      7698 81/12/03       950             30                                                                                                                                                                                          
 7934 MILLER   CLERK      7782 82/01/23      1300             10                                                                                                                                                                                          

SQL> select *
  2  from emp
  3  where comm is null and mgr is not null and job in ('MANAGER', 'CLERK') and ename not like ('_L%');

EMPNO ENAME    JOB         MGR HIREDATE       SAL    COMM DEPTNO                                                                                                                                                                                          
----- -------- --------- ----- ---------- ------- ------- ------                                                                                                                                                                                          
 7369 SMITH    CLERK      7902 80/12/17       800             20                                                                                                                                                                                          
 7566 JONES    MANAGER    7839 81/04/02      2975             20                                                                                                                                                                                          
 7876 ADAMS    CLERK      7788 87/05/23      1100             20                                                                                                                                                                                          
 7900 JAMES    CLERK      7698 81/12/03       950             30                                                                                                                                                                                          
 7934 MILLER   CLERK      7782 82/01/23      1300             10                                                                                                                                                                                          

SQL> select empno, ename, job, sal, deptno
  2  from emp
  3  where deptno in (20, 30)
  4  intersect
  5  select empno, ename, job, sal, deptno
  6  from emp
  7  where sal > 2000;

EMPNO ENAME    JOB           SAL DEPTNO                                                                                                                                                                                                                   
----- -------- --------- ------- ------                                                                                                                                                                                                                   
 7566 JONES    MANAGER      2975     20                                                                                                                                                                                                                   
 7698 BLAKE    MANAGER      2850     30                                                                                                                                                                                                                   
 7788 SCOTT    ANALYST      3000     20                                                                                                                                                                                                                   
 7902 FORD     ANALYST      3000     20                                                                                                                                                                                                                   

SQL> select *
  2  from emp
  3  where sal > 3000 or sal < 2000;

EMPNO ENAME    JOB         MGR HIREDATE       SAL    COMM DEPTNO                                                                                                                                                                                          
----- -------- --------- ----- ---------- ------- ------- ------                                                                                                                                                                                          
 7369 SMITH    CLERK      7902 80/12/17       800             20                                                                                                                                                                                          
 7499 ALLEN    SALESMAN   7698 81/02/20      1600     300     10                                                                                                                                                                                          
 7521 WARD     SALESMAN   7698 81/02/22      1259     500     30                                                                                                                                                                                          
 7654 MARTIN   SALESMAN   7698 81/09/28      1250    1400     30                                                                                                                                                                                          
 7839 KING     PRESIDENT       81/11/17      5000             10                                                                                                                                                                                          
 7844 TURNER   SALESMAN   7698 81/09/08      1500       0     30                                                                                                                                                                                          
 7876 ADAMS    CLERK      7788 87/05/23      1100             20                                                                                                                                                                                          
 7900 JAMES    CLERK      7698 81/12/03       950             30                                                                                                                                                                                          
 7934 MILLER   CLERK      7782 82/01/23      1300             10                                                                                                                                                                                          

9 rows selected.

SQL> update emp
  2  set deptno = 30
  3  where ename = 'ALLEN';

1 row updated.

SQL> select *
  2  from emp;

EMPNO ENAME    JOB         MGR HIREDATE       SAL    COMM DEPTNO                                                                                                                                                                                          
----- -------- --------- ----- ---------- ------- ------- ------                                                                                                                                                                                          
 7369 SMITH    CLERK      7902 80/12/17       800             20                                                                                                                                                                                          
 7499 ALLEN    SALESMAN   7698 81/02/20      1600     300     30                                                                                                                                                                                          
 7521 WARD     SALESMAN   7698 81/02/22      1259     500     30                                                                                                                                                                                          
 7566 JONES    MANAGER    7839 81/04/02      2975             20                                                                                                                                                                                          
 7654 MARTIN   SALESMAN   7698 81/09/28      1250    1400     30                                                                                                                                                                                          
 7698 BLAKE    MANAGER    7839 81/05/01      2850             30                                                                                                                                                                                          
 7782 CLARK    MANAGER    7839 81/06/09      2450             10                                                                                                                                                                                          
 7788 SCOTT    ANALYST    7566 87/04/19      3000             20                                                                                                                                                                                          
 7839 KING     PRESIDENT       81/11/17      5000             10                                                                                                                                                                                          
 7844 TURNER   SALESMAN   7698 81/09/08      1500       0     30                                                                                                                                                                                          
 7876 ADAMS    CLERK      7788 87/05/23      1100             20                                                                                                                                                                                          
 7900 JAMES    CLERK      7698 81/12/03       950             30                                                                                                                                                                                          
 7902 FORD     ANALYST    7566 81/12/03      3000             20                                                                                                                                                                                          
 7934 MILLER   CLERK      7782 82/01/23      1300             10                                                                                                                                                                                          

14 rows selected.

SQL> commit;

Commit complete.

SQL> select *
  2  from emp;

EMPNO ENAME    JOB         MGR HIREDATE       SAL    COMM DEPTNO                                                                                                                                                                                          
----- -------- --------- ----- ---------- ------- ------- ------                                                                                                                                                                                          
 7369 SMITH    CLERK      7902 80/12/17       800             20                                                                                                                                                                                          
 7499 ALLEN    SALESMAN   7698 81/02/20      1600     300     30                                                                                                                                                                                          
 7521 WARD     SALESMAN   7698 81/02/22      1259     500     30                                                                                                                                                                                          
 7566 JONES    MANAGER    7839 81/04/02      2975             20                                                                                                                                                                                          
 7654 MARTIN   SALESMAN   7698 81/09/28      1250    1400     30                                                                                                                                                                                          
 7698 BLAKE    MANAGER    7839 81/05/01      2850             30                                                                                                                                                                                          
 7782 CLARK    MANAGER    7839 81/06/09      2450             10                                                                                                                                                                                          
 7788 SCOTT    ANALYST    7566 87/04/19      3000             20                                                                                                                                                                                          
 7839 KING     PRESIDENT       81/11/17      5000             10                                                                                                                                                                                          
 7844 TURNER   SALESMAN   7698 81/09/08      1500       0     30                                                                                                                                                                                          
 7876 ADAMS    CLERK      7788 87/05/23      1100             20                                                                                                                                                                                          
 7900 JAMES    CLERK      7698 81/12/03       950             30                                                                                                                                                                                          
 7902 FORD     ANALYST    7566 81/12/03      3000             20                                                                                                                                                                                          
 7934 MILLER   CLERK      7782 82/01/23      1300             10                                                                                                                                                                                          

14 rows selected.

SQL> alter table emp
  2  add age number;

Table altered.

SQL> select *
  2  from emp;

EMPNO ENAME    JOB         MGR HIREDATE       SAL    COMM DEPTNO        AGE                                                                                                                                                                               
----- -------- --------- ----- ---------- ------- ------- ------ ----------                                                                                                                                                                               
 7369 SMITH    CLERK      7902 80/12/17       800             20                                                                                                                                                                                          
 7499 ALLEN    SALESMAN   7698 81/02/20      1600     300     30                                                                                                                                                                                          
 7521 WARD     SALESMAN   7698 81/02/22      1259     500     30                                                                                                                                                                                          
 7566 JONES    MANAGER    7839 81/04/02      2975             20                                                                                                                                                                                          
 7654 MARTIN   SALESMAN   7698 81/09/28      1250    1400     30                                                                                                                                                                                          
 7698 BLAKE    MANAGER    7839 81/05/01      2850             30                                                                                                                                                                                          
 7782 CLARK    MANAGER    7839 81/06/09      2450             10                                                                                                                                                                                          
 7788 SCOTT    ANALYST    7566 87/04/19      3000             20                                                                                                                                                                                          
 7839 KING     PRESIDENT       81/11/17      5000             10                                                                                                                                                                                          
 7844 TURNER   SALESMAN   7698 81/09/08      1500       0     30                                                                                                                                                                                          
 7876 ADAMS    CLERK      7788 87/05/23      1100             20                                                                                                                                                                                          
 7900 JAMES    CLERK      7698 81/12/03       950             30                                                                                                                                                                                          
 7902 FORD     ANALYST    7566 81/12/03      3000             20                                                                                                                                                                                          
 7934 MILLER   CLERK      7782 82/01/23      1300             10                                                                                                                                                                                          

14 rows selected.

SQL> desc emp;
 Name                                                                                                                                            Null?    Type
 ----------------------------------------------------------------------------------------------------------------------------------------------- -------- ------------------------------------------------------------------------------------------------
 EMPNO                                                                                                                                           NOT NULL NUMBER(4)
 ENAME                                                                                                                                                    VARCHAR2(10)
 JOB                                                                                                                                                      VARCHAR2(9)
 MGR                                                                                                                                                      NUMBER(4)
 HIREDATE                                                                                                                                                 DATE
 SAL                                                                                                                                                      NUMBER(7,2)
 COMM                                                                                                                                                     NUMBER(7,2)
 DEPTNO                                                                                                                                                   NUMBER(2)
 AGE                                                                                                                                                      NUMBER

SQL> update emp
  2  set age = 30;

14 rows updated.

SQL> select *
  2  from emp;

EMPNO ENAME    JOB         MGR HIREDATE       SAL    COMM DEPTNO        AGE                                                                                                                                                                               
----- -------- --------- ----- ---------- ------- ------- ------ ----------                                                                                                                                                                               
 7369 SMITH    CLERK      7902 80/12/17       800             20         30                                                                                                                                                                               
 7499 ALLEN    SALESMAN   7698 81/02/20      1600     300     30         30                                                                                                                                                                               
 7521 WARD     SALESMAN   7698 81/02/22      1259     500     30         30                                                                                                                                                                               
 7566 JONES    MANAGER    7839 81/04/02      2975             20         30                                                                                                                                                                               
 7654 MARTIN   SALESMAN   7698 81/09/28      1250    1400     30         30                                                                                                                                                                               
 7698 BLAKE    MANAGER    7839 81/05/01      2850             30         30                                                                                                                                                                               
 7782 CLARK    MANAGER    7839 81/06/09      2450             10         30                                                                                                                                                                               
 7788 SCOTT    ANALYST    7566 87/04/19      3000             20         30                                                                                                                                                                               
 7839 KING     PRESIDENT       81/11/17      5000             10         30                                                                                                                                                                               
 7844 TURNER   SALESMAN   7698 81/09/08      1500       0     30         30                                                                                                                                                                               
 7876 ADAMS    CLERK      7788 87/05/23      1100             20         30                                                                                                                                                                               
 7900 JAMES    CLERK      7698 81/12/03       950             30         30                                                                                                                                                                               
 7902 FORD     ANALYST    7566 81/12/03      3000             20         30                                                                                                                                                                               
 7934 MILLER   CLERK      7782 82/01/23      1300             10         30                                                                                                                                                                               

14 rows selected.

SQL> alter tabler emp
  2  drop age ;
alter tabler emp
      *
ERROR at line 1:
ORA-00940: invalid ALTER command 


SQL> alter table emp
  2  drop age ;
drop age 
     *
ERROR at line 2:
ORA-00905: missing keyword 


SQL> alter table emp
  2  drop column age ;

Table altered.

SQL> select *
  2  from emp;

EMPNO ENAME    JOB         MGR HIREDATE       SAL    COMM DEPTNO                                                                                                                                                                                          
----- -------- --------- ----- ---------- ------- ------- ------                                                                                                                                                                                          
 7369 SMITH    CLERK      7902 80/12/17       800             20                                                                                                                                                                                          
 7499 ALLEN    SALESMAN   7698 81/02/20      1600     300     30                                                                                                                                                                                          
 7521 WARD     SALESMAN   7698 81/02/22      1259     500     30                                                                                                                                                                                          
 7566 JONES    MANAGER    7839 81/04/02      2975             20                                                                                                                                                                                          
 7654 MARTIN   SALESMAN   7698 81/09/28      1250    1400     30                                                                                                                                                                                          
 7698 BLAKE    MANAGER    7839 81/05/01      2850             30                                                                                                                                                                                          
 7782 CLARK    MANAGER    7839 81/06/09      2450             10                                                                                                                                                                                          
 7788 SCOTT    ANALYST    7566 87/04/19      3000             20                                                                                                                                                                                          
 7839 KING     PRESIDENT       81/11/17      5000             10                                                                                                                                                                                          
 7844 TURNER   SALESMAN   7698 81/09/08      1500       0     30                                                                                                                                                                                          
 7876 ADAMS    CLERK      7788 87/05/23      1100             20                                                                                                                                                                                          
 7900 JAMES    CLERK      7698 81/12/03       950             30                                                                                                                                                                                          
 7902 FORD     ANALYST    7566 81/12/03      3000             20                                                                                                                                                                                          
 7934 MILLER   CLERK      7782 82/01/23      1300             10                                                                                                                                                                                          

14 rows selected.

SQL> select ename, empno, sal, deptno
  2  from emp
  3  where ename like ('%E%') and deptno = 30;

ENAME    EMPNO     SAL DEPTNO                                                                                                                                                                                                                             
-------- ----- ------- ------                                                                                                                                                                                                                             
ALLEN     7499    1600     30                                                                                                                                                                                                                             
BLAKE     7698    2850     30                                                                                                                                                                                                                             
TURNER    7844    1500     30                                                                                                                                                                                                                             
JAMES     7900     950     30                                                                                                                                                                                                                             

SQL> select ename, empno, sal, deptno
  2  from emp
  3  where ename like ('%E%') and deptno = 30 and not sal in (1000,2000);

ENAME    EMPNO     SAL DEPTNO                                                                                                                                                                                                                             
-------- ----- ------- ------                                                                                                                                                                                                                             
ALLEN     7499    1600     30                                                                                                                                                                                                                             
BLAKE     7698    2850     30                                                                                                                                                                                                                             
TURNER    7844    1500     30                                                                                                                                                                                                                             
JAMES     7900     950     30                                                                                                                                                                                                                             

SQL> select ename, empno, sal, deptno
  2  from emp
  3  where ename like ('%E%') and deptno = 30 and not sal between 1000 and 2000;

ENAME    EMPNO     SAL DEPTNO                                                                                                                                                                                                                             
-------- ----- ------- ------                                                                                                                                                                                                                             
BLAKE     7698    2850     30                                                                                                                                                                                                                             
JAMES     7900     950     30                                                                                                                                                                                                                             

SQL> select ename, empno, sal, deptno
  2  from emp
  3  where ename like ('%E%') and deptno = 30 and (not sal between 1000 and 2000);

ENAME    EMPNO     SAL DEPTNO                                                                                                                                                                                                                             
-------- ----- ------- ------                                                                                                                                                                                                                             
BLAKE     7698    2850     30                                                                                                                                                                                                                             
JAMES     7900     950     30                                                                                                                                                                                                                             

SQL> commit;

Commit complete.

SQL> desc dept;
 Name                                                                                                                                            Null?    Type
 ----------------------------------------------------------------------------------------------------------------------------------------------- -------- ------------------------------------------------------------------------------------------------
 DEPTNO                                                                                                                                          NOT NULL NUMBER(2)
 DNAME                                                                                                                                                    VARCHAR2(15)
 LOC                                                                                                                                                      VARCHAR2(13)

SQL> select *
  2  from dept;

DEPTNO DNAME LOC                                                                                                                                                                                                                                          
------ ----- ----------                                                                                                                                                                                                                                   
    10 ACCOU NEW YORK                                                                                                                                                                                                                                     
       NTING                                                                                                                                                                                                                                              
                                                                                                                                                                                                                                                          
    20 RESEA DALLAS                                                                                                                                                                                                                                       
       RCH                                                                                                                                                                                                                                                
                                                                                                                                                                                                                                                          
    30 SALES CHICAGO                                                                                                                                                                                                                                      
    40 OPERA BOSTON                                                                                                                                                                                                                                       
       TIONS                                                                                                                                                                                                                                              
                                                                                                                                                                                                                                                          

SQL> desc emp;
 Name                                                                                                                                            Null?    Type
 ----------------------------------------------------------------------------------------------------------------------------------------------- -------- ------------------------------------------------------------------------------------------------
 EMPNO                                                                                                                                           NOT NULL NUMBER(4)
 ENAME                                                                                                                                                    VARCHAR2(10)
 JOB                                                                                                                                                      VARCHAR2(9)
 MGR                                                                                                                                                      NUMBER(4)
 HIREDATE                                                                                                                                                 DATE
 SAL                                                                                                                                                      NUMBER(7,2)
 COMM                                                                                                                                                     NUMBER(7,2)
 DEPTNO                                                                                                                                                   NUMBER(2)

SQL> commit;

Commit complete.

SQL> exit
